Jun 15 09:22:49 fedora kernel: Linux version 6.8.11-300.fc40.x86_64 (mockbuild@f09cc32e12c24ed6a1a66c2a2e9f1728) (gcc (GCC) 14.1.1 20240522 (Red Hat 14.1.1-4), GNU ld version 2.41-37.fc40) #1 SMP PREEMPT_DYNAMIC Mon May 27 14:53:33 UTC 2024
Jun 15 09:22:49 fedora kernel: Command line: BOOT_IMAGE=(hd2,gpt6)/root/boot/vmlinuz-6.8.11-300.fc40.x86_64 root=UUID=c0a1d540-8980-457e-b68b-41add265bbd3 ro rootflags=subvol=root rhgb quiet
Jun 15 09:22:49 fedora kernel: BIOS-provided physical RAM map:
Jun 15 09:22:49 fedora kernel: BIOS-e820: [mem 0x0000000000000000-0x000000000009ffff] usable
Jun 15 09:22:49 fedora kernel: BIOS-e820: [mem 0x00000000000a0000-0x00000000000fffff] reserved
Jun 15 09:22:49 fedora kernel: BIOS-e820: [mem 0x0000000000100000-0x0000000009d81fff] usable
Jun 15 09:22:49 fedora kernel: BIOS-e820: [mem 0x0000000009d82000-0x0000000009ffffff] reserved
Jun 15 09:22:49 fedora kernel: BIOS-e820: [mem 0x000000000a000000-0x000000000a1fffff] usable
Jun 15 09:22:49 fedora kernel: BIOS-e820: [mem 0x000000000a200000-0x000000000a210fff] ACPI NVS
Jun 15 09:22:49 fedora kernel: BIOS-e820: [mem 0x000000000a211000-0x000000000affffff] usable
Jun 15 09:22:49 fedora kernel: BIOS-e820: [mem 0x000000000b000000-0x000000000b01ffff] reserved
Jun 15 09:22:49 fedora kernel: BIOS-e820: [mem 0x000000000b020000-0x00000000bb117fff] usable
Jun 15 09:22:49 fedora kernel: BIOS-e820: [mem 0x00000000bb118000-0x00000000bb497fff] reserved
Jun 15 09:22:49 fedora kernel: BIOS-e820: [mem 0x00000000bb498000-0x00000000bb4fbfff] ACPI data
Jun 15 09:22:49 fedora kernel: BIOS-e820: [mem 0x00000000bb4fc000-0x00000000bcbfafff] ACPI NVS
Jun 15 09:22:49 fedora kernel: BIOS-e820: [mem 0x00000000bcbfb000-0x00000000bdbfefff] reserved
Jun 15 09:22:49 fedora kernel: BIOS-e820: [mem 0x00000000bdbff000-0x00000000beffffff] usable
Jun 15 09:22:49 fedora kernel: BIOS-e820: [mem 0x00000000bf000000-0x00000000bfffffff] reserved
Jun 15 09:22:49 fedora kernel: BIOS-e820: [mem 0x00000000f0000000-0x00000000f7ffffff] reserved
Jun 15 09:22:49 fedora kernel: BIOS-e820: [mem 0x00000000fd200000-0x00000000fd2fffff] reserved
Jun 15 09:22:49 fedora kernel: BIOS-e820: [mem 0x00000000fd600000-0x00000000fd7fffff] reserved
Jun 15 09:22:49 fedora kernel: BIOS-e820: [mem 0x00000000fea00000-0x00000000fea0ffff] reserved
Jun 15 09:22:49 fedora kernel: BIOS-e820: [mem 0x00000000feb80000-0x00000000fec01fff] reserved
Jun 15 09:22:49 fedora kernel: BIOS-e820: [mem 0x00000000fec10000-0x00000000fec10fff] reserved
Jun 15 09:22:49 fedora kernel: BIOS-e820: [mem 0x00000000fec30000-0x00000000fec30fff] reserved
Jun 15 09:22:49 fedora kernel: BIOS-e820: [mem 0x00000000fed00000-0x00000000fed00fff] reserved
Jun 15 09:22:49 fedora kernel: BIOS-e820: [mem 0x00000000fed40000-0x00000000fed44fff] reserved
Jun 15 09:22:49 fedora kernel: BIOS-e820: [mem 0x00000000fed80000-0x00000000fed8ffff] reserved
Jun 15 09:22:49 fedora kernel: BIOS-e820: [mem 0x00000000fedc2000-0x00000000fedcffff] reserved
Jun 15 09:22:49 fedora kernel: BIOS-e820: [mem 0x00000000fedd4000-0x00000000fedd5fff] reserved
Jun 15 09:22:49 fedora kernel: BIOS-e820: [mem 0x00000000ff000000-0x00000000ffffffff] reserved
Jun 15 09:22:49 fedora kernel: BIOS-e820: [mem 0x0000000100000000-0x000000083f37ffff] usable
Jun 15 09:22:49 fedora kernel: BIOS-e820: [mem 0x000000083f380000-0x000000083fffffff] reserved
Jun 15 09:22:49 fedora kernel: NX (Execute Disable) protection: active
Jun 15 09:22:49 fedora kernel: APIC: Static calls initialized
Jun 15 09:22:49 fedora kernel: e820: update [mem 0xb716a018-0xb7178057] usable ==> usable
Jun 15 09:22:49 fedora kernel: e820: update [mem 0xb716a018-0xb7178057] usable ==> usable
Jun 15 09:22:49 fedora kernel: e820: update [mem 0xb714c018-0xb7169e57] usable ==> usable
Jun 15 09:22:49 fedora kernel: e820: update [mem 0xb714c018-0xb7169e57] usable ==> usable
Jun 15 09:22:49 fedora kernel: extended physical RAM map:
Jun 15 09:22:49 fedora kernel: reserve setup_data: [mem 0x0000000000000000-0x000000000009ffff] usable
Jun 15 09:22:49 fedora kernel: reserve setup_data: [mem 0x00000000000a0000-0x00000000000fffff] reserved
Jun 15 09:22:49 fedora kernel: reserve setup_data: [mem 0x0000000000100000-0x0000000009d81fff] usable
Jun 15 09:22:49 fedora kernel: reserve setup_data: [mem 0x0000000009d82000-0x0000000009ffffff] reserved
Jun 15 09:22:49 fedora kernel: reserve setup_data: [mem 0x000000000a000000-0x000000000a1fffff] usable
Jun 15 09:22:49 fedora kernel: reserve setup_data: [mem 0x000000000a200000-0x000000000a210fff] ACPI NVS
Jun 15 09:22:49 fedora kernel: reserve setup_data: [mem 0x000000000a211000-0x000000000affffff] usable
Jun 15 09:22:49 fedora kernel: reserve setup_data: [mem 0x000000000b000000-0x000000000b01ffff] reserved
Jun 15 09:22:49 fedora kernel: reserve setup_data: [mem 0x000000000b020000-0x00000000b714c017] usable
Jun 15 09:22:49 fedora kernel: reserve setup_data: [mem 0x00000000b714c018-0x00000000b7169e57] usable
Jun 15 09:22:49 fedora kernel: reserve setup_data: [mem 0x00000000b7169e58-0x00000000b716a017] usable
Jun 15 09:22:49 fedora kernel: reserve setup_data: [mem 0x00000000b716a018-0x00000000b7178057] usable
Jun 15 09:22:49 fedora kernel: reserve setup_data: [mem 0x00000000b7178058-0x00000000bb117fff] usable
Jun 15 09:22:49 fedora kernel: reserve setup_data: [mem 0x00000000bb118000-0x00000000bb497fff] reserved
Jun 15 09:22:49 fedora kernel: reserve setup_data: [mem 0x00000000bb498000-0x00000000bb4fbfff] ACPI data
Jun 15 09:22:49 fedora kernel: reserve setup_data: [mem 0x00000000bb4fc000-0x00000000bcbfafff] ACPI NVS
Jun 15 09:22:49 fedora kernel: reserve setup_data: [mem 0x00000000bcbfb000-0x00000000bdbfefff] reserved
Jun 15 09:22:49 fedora kernel: reserve setup_data: [mem 0x00000000bdbff000-0x00000000beffffff] usable
Jun 15 09:22:49 fedora kernel: reserve setup_data: [mem 0x00000000bf000000-0x00000000bfffffff] reserved
Jun 15 09:22:49 fedora kernel: reserve setup_data: [mem 0x00000000f0000000-0x00000000f7ffffff] reserved
Jun 15 09:22:49 fedora kernel: reserve setup_data: [mem 0x00000000fd200000-0x00000000fd2fffff] reserved
Jun 15 09:22:49 fedora kernel: reserve setup_data: [mem 0x00000000fd600000-0x00000000fd7fffff] reserved
Jun 15 09:22:49 fedora kernel: reserve setup_data: [mem 0x00000000fea00000-0x00000000fea0ffff] reserved
Jun 15 09:22:49 fedora kernel: reserve setup_data: [mem 0x00000000feb80000-0x00000000fec01fff] reserved
Jun 15 09:22:49 fedora kernel: reserve setup_data: [mem 0x00000000fec10000-0x00000000fec10fff] reserved
Jun 15 09:22:49 fedora kernel: reserve setup_data: [mem 0x00000000fec30000-0x00000000fec30fff] reserved
Jun 15 09:22:49 fedora kernel: reserve setup_data: [mem 0x00000000fed00000-0x00000000fed00fff] reserved
Jun 15 09:22:49 fedora kernel: reserve setup_data: [mem 0x00000000fed40000-0x00000000fed44fff] reserved
Jun 15 09:22:49 fedora kernel: reserve setup_data: [mem 0x00000000fed80000-0x00000000fed8ffff] reserved
Jun 15 09:22:49 fedora kernel: reserve setup_data: [mem 0x00000000fedc2000-0x00000000fedcffff] reserved
Jun 15 09:22:49 fedora kernel: reserve setup_data: [mem 0x00000000fedd4000-0x00000000fedd5fff] reserved
Jun 15 09:22:49 fedora kernel: reserve setup_data: [mem 0x00000000ff000000-0x00000000ffffffff] reserved
Jun 15 09:22:49 fedora kernel: reserve setup_data: [mem 0x0000000100000000-0x000000083f37ffff] usable
Jun 15 09:22:49 fedora kernel: reserve setup_data: [mem 0x000000083f380000-0x000000083fffffff] reserved
Jun 15 09:22:49 fedora kernel: efi: EFI v2.7 by American Megatrends
Jun 15 09:22:49 fedora kernel: efi: ACPI=0xbcbe4000 ACPI 2.0=0xbcbe4014 TPMFinalLog=0xbcbae000 SMBIOS=0xbd9fe000 MEMATTR=0xb8b59018 ESRT=0xb99a8598 MOKvar=0xbda2a000 RNG=0xbb4cd018 TPMEventLog=0xb7179018 
Jun 15 09:22:49 fedora kernel: random: crng init done
Jun 15 09:22:49 fedora kernel: efi: Remove mem315: MMIO range=[0xf0000000-0xf7ffffff] (128MB) from e820 map
Jun 15 09:22:49 fedora kernel: e820: remove [mem 0xf0000000-0xf7ffffff] reserved
Jun 15 09:22:49 fedora kernel: efi: Remove mem316: MMIO range=[0xfd200000-0xfd2fffff] (1MB) from e820 map
Jun 15 09:22:49 fedora kernel: e820: remove [mem 0xfd200000-0xfd2fffff] reserved
Jun 15 09:22:49 fedora kernel: efi: Remove mem317: MMIO range=[0xfd600000-0xfd7fffff] (2MB) from e820 map
Jun 15 09:22:49 fedora kernel: e820: remove [mem 0xfd600000-0xfd7fffff] reserved
Jun 15 09:22:49 fedora kernel: efi: Not removing mem318: MMIO range=[0xfea00000-0xfea0ffff] (64KB) from e820 map
Jun 15 09:22:49 fedora kernel: efi: Remove mem319: MMIO range=[0xfeb80000-0xfec01fff] (0MB) from e820 map
Jun 15 09:22:49 fedora kernel: e820: remove [mem 0xfeb80000-0xfec01fff] reserved
Jun 15 09:22:49 fedora kernel: efi: Not removing mem320: MMIO range=[0xfec10000-0xfec10fff] (4KB) from e820 map
Jun 15 09:22:49 fedora kernel: efi: Not removing mem321: MMIO range=[0xfec30000-0xfec30fff] (4KB) from e820 map
Jun 15 09:22:49 fedora kernel: efi: Not removing mem322: MMIO range=[0xfed00000-0xfed00fff] (4KB) from e820 map
Jun 15 09:22:49 fedora kernel: efi: Not removing mem323: MMIO range=[0xfed40000-0xfed44fff] (20KB) from e820 map
Jun 15 09:22:49 fedora kernel: efi: Not removing mem324: MMIO range=[0xfed80000-0xfed8ffff] (64KB) from e820 map
Jun 15 09:22:49 fedora kernel: efi: Not removing mem325: MMIO range=[0xfedc2000-0xfedcffff] (56KB) from e820 map
Jun 15 09:22:49 fedora kernel: efi: Not removing mem326: MMIO range=[0xfedd4000-0xfedd5fff] (8KB) from e820 map
Jun 15 09:22:49 fedora kernel: efi: Remove mem327: MMIO range=[0xff000000-0xffffffff] (16MB) from e820 map
Jun 15 09:22:49 fedora kernel: e820: remove [mem 0xff000000-0xffffffff] reserved
Jun 15 09:22:49 fedora kernel: secureboot: Secure boot enabled
Jun 15 09:22:49 fedora kernel: Kernel is locked down from EFI Secure Boot mode; see man kernel_lockdown.7
Jun 15 09:22:49 fedora kernel: SMBIOS 2.8 present.
Jun 15 09:22:49 fedora kernel: DMI: Micro-Star International Co., Ltd. MS-7C52/A320M-A PRO MAX (MS-7C52), BIOS 2.F0 10/26/2023
Jun 15 09:22:49 fedora kernel: tsc: Fast TSC calibration using PIT
Jun 15 09:22:49 fedora kernel: tsc: Detected 3599.964 MHz processor
Jun 15 09:22:49 fedora kernel: e820: update [mem 0x00000000-0x00000fff] usable ==> reserved
Jun 15 09:22:49 fedora kernel: e820: remove [mem 0x000a0000-0x000fffff] usable
Jun 15 09:22:49 fedora kernel: last_pfn = 0x83f380 max_arch_pfn = 0x400000000
Jun 15 09:22:49 fedora kernel: total RAM covered: 3071M
Jun 15 09:22:49 fedora kernel: Found optimal setting for mtrr clean up
Jun 15 09:22:49 fedora kernel:  gran_size: 64K         chunk_size: 64M         num_reg: 3          lose cover RAM: 0G
Jun 15 09:22:49 fedora kernel: MTRR map: 8 entries (4 fixed + 4 variable; max 21), built from 9 variable MTRRs
Jun 15 09:22:49 fedora kernel: x86/PAT: Configuration [0-7]: WB  WC  UC- UC  WB  WP  UC- WT  
Jun 15 09:22:49 fedora kernel: e820: update [mem 0xbc990000-0xbc99ffff] usable ==> reserved
Jun 15 09:22:49 fedora kernel: e820: update [mem 0xc0000000-0xffffffff] usable ==> reserved
Jun 15 09:22:49 fedora kernel: last_pfn = 0xbf000 max_arch_pfn = 0x400000000
Jun 15 09:22:49 fedora kernel: esrt: Reserving ESRT space from 0x00000000b99a8598 to 0x00000000b99a85f8.
Jun 15 09:22:49 fedora kernel: e820: update [mem 0xb99a8000-0xb99a8fff] usable ==> reserved
Jun 15 09:22:49 fedora kernel: Using GB pages for direct mapping
Jun 15 09:22:49 fedora kernel: secureboot: Secure boot enabled
Jun 15 09:22:49 fedora kernel: RAMDISK: [mem 0xb3ada000-0xb6865fff]
Jun 15 09:22:49 fedora kernel: ACPI: Early table checksum verification disabled
Jun 15 09:22:49 fedora kernel: ACPI: RSDP 0x00000000BCBE4014 000024 (v02 ALASKA)
Jun 15 09:22:49 fedora kernel: ACPI: XSDT 0x00000000BCBE3728 0000CC (v01 ALASKA A M I    01072009 AMI  01000013)
Jun 15 09:22:49 fedora kernel: ACPI: FACP 0x00000000BB4F5000 000114 (v06 ALASKA A M I    01072009 AMI  00010013)
Jun 15 09:22:49 fedora kernel: ACPI: DSDT 0x00000000BB4EE000 006CF5 (v02 ALASKA A M I    01072009 INTL 20120913)
Jun 15 09:22:49 fedora kernel: ACPI: FACS 0x00000000BCBDE000 000040
Jun 15 09:22:49 fedora kernel: ACPI: SSDT 0x00000000BB4FB000 00092A (v02 AMD    AmdTable 00000002 MSFT 04000000)
Jun 15 09:22:49 fedora kernel: ACPI: SSDT 0x00000000BB4F7000 003B7B (v02 AMD    AMD AOD  00000001 INTL 20120913)
Jun 15 09:22:49 fedora kernel: ACPI: SSDT 0x00000000BB4F6000 00007A (v02 ALASKA CPUSSDT  01072009 AMI  01072009)
Jun 15 09:22:49 fedora kernel: ACPI: FIDT 0x00000000BB4ED000 00009C (v01 ALASKA A M I    01072009 AMI  00010013)
Jun 15 09:22:49 fedora kernel: ACPI: MCFG 0x00000000BB4EC000 00003C (v01 ALASKA A M I    01072009 MSFT 00010013)
Jun 15 09:22:49 fedora kernel: ACPI: HPET 0x00000000BB4EB000 000038 (v01 ALASKA A M I    01072009 AMI  00000005)
Jun 15 09:22:49 fedora kernel: ACPI: IVRS 0x00000000BB4EA000 0000D0 (v02 AMD    AmdTable 00000001 AMD  00000001)
Jun 15 09:22:49 fedora kernel: ACPI: FPDT 0x00000000BB4E9000 000044 (v01 ALASKA A M I    01072009 AMI  01000013)
Jun 15 09:22:49 fedora kernel: ACPI: VFCT 0x00000000BB4DE000 00AC84 (v01 ALASKA A M I    00000001 AMD  31504F47)
Jun 15 09:22:49 fedora kernel: ACPI: TPM2 0x00000000BB4DD000 00004C (v04 ALASKA A M I    00000001 AMI  00000000)
Jun 15 09:22:49 fedora kernel: ACPI: PCCT 0x00000000BB4DC000 00006E (v02 AMD    AmdTable 00000001 AMD  00000001)
Jun 15 09:22:49 fedora kernel: ACPI: SSDT 0x00000000BB4DA000 00177A (v02 AMD    AmdTable 00000001 AMD  00000001)
Jun 15 09:22:49 fedora kernel: ACPI: CRAT 0x00000000BB4D9000 000BD0 (v01 AMD    AmdTable 00000001 AMD  00000001)
Jun 15 09:22:49 fedora kernel: ACPI: CDIT 0x00000000BB4D8000 000029 (v01 AMD    AmdTable 00000001 AMD  00000001)
Jun 15 09:22:49 fedora kernel: ACPI: BGRT 0x00000000BB4D7000 000038 (v01 ALASKA A M I    01072009 AMI  00010013)
Jun 15 09:22:49 fedora kernel: ACPI: SSDT 0x00000000BB4D3000 0037DC (v02 AMD    MYRTLE   00000001 INTL 20120913)
Jun 15 09:22:49 fedora kernel: ACPI: SSDT 0x00000000BB4D2000 0000BF (v01 AMD    AmdTable 00001000 INTL 20120913)
Jun 15 09:22:49 fedora kernel: ACPI: WSMT 0x00000000BB4D1000 000028 (v01 ALASKA A M I    01072009 AMI  00010013)
Jun 15 09:22:49 fedora kernel: ACPI: APIC 0x00000000BB4D0000 00015E (v04 ALASKA A M I    01072009 AMI  00010013)
Jun 15 09:22:49 fedora kernel: ACPI: SSDT 0x00000000BB4CE000 0010AF (v02 AMD    MYRTLE   00000001 INTL 20120913)
Jun 15 09:22:49 fedora kernel: ACPI: Reserving FACP table memory at [mem 0xbb4f5000-0xbb4f5113]
Jun 15 09:22:49 fedora kernel: ACPI: Reserving DSDT table memory at [mem 0xbb4ee000-0xbb4f4cf4]
Jun 15 09:22:49 fedora kernel: ACPI: Reserving FACS table memory at [mem 0xbcbde000-0xbcbde03f]
Jun 15 09:22:49 fedora kernel: ACPI: Reserving SSDT table memory at [mem 0xbb4fb000-0xbb4fb929]
Jun 15 09:22:49 fedora kernel: ACPI: Reserving SSDT table memory at [mem 0xbb4f7000-0xbb4fab7a]
Jun 15 09:22:49 fedora kernel: ACPI: Reserving SSDT table memory at [mem 0xbb4f6000-0xbb4f6079]
Jun 15 09:22:49 fedora kernel: ACPI: Reserving FIDT table memory at [mem 0xbb4ed000-0xbb4ed09b]
Jun 15 09:22:49 fedora kernel: ACPI: Reserving MCFG table memory at [mem 0xbb4ec000-0xbb4ec03b]
Jun 15 09:22:49 fedora kernel: ACPI: Reserving HPET table memory at [mem 0xbb4eb000-0xbb4eb037]
Jun 15 09:22:49 fedora kernel: ACPI: Reserving IVRS table memory at [mem 0xbb4ea000-0xbb4ea0cf]
Jun 15 09:22:49 fedora kernel: ACPI: Reserving FPDT table memory at [mem 0xbb4e9000-0xbb4e9043]
Jun 15 09:22:49 fedora kernel: ACPI: Reserving VFCT table memory at [mem 0xbb4de000-0xbb4e8c83]
Jun 15 09:22:49 fedora kernel: ACPI: Reserving TPM2 table memory at [mem 0xbb4dd000-0xbb4dd04b]
Jun 15 09:22:49 fedora kernel: ACPI: Reserving PCCT table memory at [mem 0xbb4dc000-0xbb4dc06d]
Jun 15 09:22:49 fedora kernel: ACPI: Reserving SSDT table memory at [mem 0xbb4da000-0xbb4db779]
Jun 15 09:22:49 fedora kernel: ACPI: Reserving CRAT table memory at [mem 0xbb4d9000-0xbb4d9bcf]
Jun 15 09:22:49 fedora kernel: ACPI: Reserving CDIT table memory at [mem 0xbb4d8000-0xbb4d8028]
Jun 15 09:22:49 fedora kernel: ACPI: Reserving BGRT table memory at [mem 0xbb4d7000-0xbb4d7037]
Jun 15 09:22:49 fedora kernel: ACPI: Reserving SSDT table memory at [mem 0xbb4d3000-0xbb4d67db]
Jun 15 09:22:49 fedora kernel: ACPI: Reserving SSDT table memory at [mem 0xbb4d2000-0xbb4d20be]
Jun 15 09:22:49 fedora kernel: ACPI: Reserving WSMT table memory at [mem 0xbb4d1000-0xbb4d1027]
Jun 15 09:22:49 fedora kernel: ACPI: Reserving APIC table memory at [mem 0xbb4d0000-0xbb4d015d]
Jun 15 09:22:49 fedora kernel: ACPI: Reserving SSDT table memory at [mem 0xbb4ce000-0xbb4cf0ae]
Jun 15 09:22:49 fedora kernel: No NUMA configuration found
Jun 15 09:22:49 fedora kernel: Faking a node at [mem 0x0000000000000000-0x000000083f37ffff]
Jun 15 09:22:49 fedora kernel: NODE_DATA(0) allocated [mem 0x83f355000-0x83f37ffff]
Jun 15 09:22:49 fedora kernel: Zone ranges:
Jun 15 09:22:49 fedora kernel:   DMA      [mem 0x0000000000001000-0x0000000000ffffff]
Jun 15 09:22:49 fedora kernel:   DMA32    [mem 0x0000000001000000-0x00000000ffffffff]
Jun 15 09:22:49 fedora kernel:   Normal   [mem 0x0000000100000000-0x000000083f37ffff]
Jun 15 09:22:49 fedora kernel:   Device   empty
Jun 15 09:22:49 fedora kernel: Movable zone start for each node
Jun 15 09:22:49 fedora kernel: Early memory node ranges
Jun 15 09:22:49 fedora kernel:   node   0: [mem 0x0000000000001000-0x000000000009ffff]
Jun 15 09:22:49 fedora kernel:   node   0: [mem 0x0000000000100000-0x0000000009d81fff]
Jun 15 09:22:49 fedora kernel:   node   0: [mem 0x000000000a000000-0x000000000a1fffff]
Jun 15 09:22:49 fedora kernel:   node   0: [mem 0x000000000a211000-0x000000000affffff]
Jun 15 09:22:49 fedora kernel:   node   0: [mem 0x000000000b020000-0x00000000bb117fff]
Jun 15 09:22:49 fedora kernel:   node   0: [mem 0x00000000bdbff000-0x00000000beffffff]
Jun 15 09:22:49 fedora kernel:   node   0: [mem 0x0000000100000000-0x000000083f37ffff]
Jun 15 09:22:49 fedora kernel: Initmem setup node 0 [mem 0x0000000000001000-0x000000083f37ffff]
Jun 15 09:22:49 fedora kernel: On node 0, zone DMA: 1 pages in unavailable ranges
Jun 15 09:22:49 fedora kernel: On node 0, zone DMA: 96 pages in unavailable ranges
Jun 15 09:22:49 fedora kernel: On node 0, zone DMA32: 638 pages in unavailable ranges
Jun 15 09:22:49 fedora kernel: On node 0, zone DMA32: 17 pages in unavailable ranges
Jun 15 09:22:49 fedora kernel: On node 0, zone DMA32: 32 pages in unavailable ranges
Jun 15 09:22:49 fedora kernel: On node 0, zone DMA32: 10983 pages in unavailable ranges
Jun 15 09:22:49 fedora kernel: On node 0, zone Normal: 4096 pages in unavailable ranges
Jun 15 09:22:49 fedora kernel: On node 0, zone Normal: 3200 pages in unavailable ranges
Jun 15 09:22:49 fedora kernel: ACPI: PM-Timer IO Port: 0x808
Jun 15 09:22:49 fedora kernel: ACPI: LAPIC_NMI (acpi_id[0xff] high edge lint[0x1])
Jun 15 09:22:49 fedora kernel: IOAPIC[0]: apic_id 7, version 33, address 0xfec00000, GSI 0-23
Jun 15 09:22:49 fedora kernel: IOAPIC[1]: apic_id 8, version 33, address 0xfec01000, GSI 24-55
Jun 15 09:22:49 fedora kernel: ACPI: INT_SRC_OVR (bus 0 bus_irq 0 global_irq 2 dfl dfl)
Jun 15 09:22:49 fedora kernel: ACPI: INT_SRC_OVR (bus 0 bus_irq 9 global_irq 9 low level)
Jun 15 09:22:49 fedora kernel: ACPI: Using ACPI (MADT) for SMP configuration information
Jun 15 09:22:49 fedora kernel: ACPI: HPET id: 0x10228201 base: 0xfed00000
Jun 15 09:22:49 fedora kernel: e820: update [mem 0xb7309000-0xb7365fff] usable ==> reserved
Jun 15 09:22:49 fedora kernel: smpboot: Allowing 32 CPUs, 26 hotplug CPUs
Jun 15 09:22:49 fedora kernel: PM: hibernation: Registered nosave memory: [mem 0x00000000-0x00000fff]
Jun 15 09:22:49 fedora kernel: PM: hibernation: Registered nosave memory: [mem 0x000a0000-0x000fffff]
Jun 15 09:22:49 fedora kernel: PM: hibernation: Registered nosave memory: [mem 0x09d82000-0x09ffffff]
Jun 15 09:22:49 fedora kernel: PM: hibernation: Registered nosave memory: [mem 0x0a200000-0x0a210fff]
Jun 15 09:22:49 fedora kernel: PM: hibernation: Registered nosave memory: [mem 0x0b000000-0x0b01ffff]
Jun 15 09:22:49 fedora kernel: PM: hibernation: Registered nosave memory: [mem 0xb714c000-0xb714cfff]
Jun 15 09:22:49 fedora kernel: PM: hibernation: Registered nosave memory: [mem 0xb7169000-0xb7169fff]
Jun 15 09:22:49 fedora kernel: PM: hibernation: Registered nosave memory: [mem 0xb716a000-0xb716afff]
Jun 15 09:22:49 fedora kernel: PM: hibernation: Registered nosave memory: [mem 0xb7178000-0xb7178fff]
Jun 15 09:22:49 fedora kernel: PM: hibernation: Registered nosave memory: [mem 0xb7309000-0xb7365fff]
Jun 15 09:22:49 fedora kernel: PM: hibernation: Registered nosave memory: [mem 0xb99a8000-0xb99a8fff]
Jun 15 09:22:49 fedora kernel: PM: hibernation: Registered nosave memory: [mem 0xbb118000-0xbb497fff]
Jun 15 09:22:49 fedora kernel: PM: hibernation: Registered nosave memory: [mem 0xbb498000-0xbb4fbfff]
Jun 15 09:22:49 fedora kernel: PM: hibernation: Registered nosave memory: [mem 0xbb4fc000-0xbcbfafff]
Jun 15 09:22:49 fedora kernel: PM: hibernation: Registered nosave memory: [mem 0xbcbfb000-0xbdbfefff]
Jun 15 09:22:49 fedora kernel: PM: hibernation: Registered nosave memory: [mem 0xbf000000-0xbfffffff]
Jun 15 09:22:49 fedora kernel: PM: hibernation: Registered nosave memory: [mem 0xc0000000-0xfe9fffff]
Jun 15 09:22:49 fedora kernel: PM: hibernation: Registered nosave memory: [mem 0xfea00000-0xfea0ffff]
Jun 15 09:22:49 fedora kernel: PM: hibernation: Registered nosave memory: [mem 0xfea10000-0xfec0ffff]
Jun 15 09:22:49 fedora kernel: PM: hibernation: Registered nosave memory: [mem 0xfec10000-0xfec10fff]
Jun 15 09:22:49 fedora kernel: PM: hibernation: Registered nosave memory: [mem 0xfec11000-0xfec2ffff]
Jun 15 09:22:49 fedora kernel: PM: hibernation: Registered nosave memory: [mem 0xfec30000-0xfec30fff]
Jun 15 09:22:49 fedora kernel: PM: hibernation: Registered nosave memory: [mem 0xfec31000-0xfecfffff]
Jun 15 09:22:49 fedora kernel: PM: hibernation: Registered nosave memory: [mem 0xfed00000-0xfed00fff]
Jun 15 09:22:49 fedora kernel: PM: hibernation: Registered nosave memory: [mem 0xfed01000-0xfed3ffff]
Jun 15 09:22:49 fedora kernel: PM: hibernation: Registered nosave memory: [mem 0xfed40000-0xfed44fff]
Jun 15 09:22:49 fedora kernel: PM: hibernation: Registered nosave memory: [mem 0xfed45000-0xfed7ffff]
Jun 15 09:22:49 fedora kernel: PM: hibernation: Registered nosave memory: [mem 0xfed80000-0xfed8ffff]
Jun 15 09:22:49 fedora kernel: PM: hibernation: Registered nosave memory: [mem 0xfed90000-0xfedc1fff]
Jun 15 09:22:49 fedora kernel: PM: hibernation: Registered nosave memory: [mem 0xfedc2000-0xfedcffff]
Jun 15 09:22:49 fedora kernel: PM: hibernation: Registered nosave memory: [mem 0xfedd0000-0xfedd3fff]
Jun 15 09:22:49 fedora kernel: PM: hibernation: Registered nosave memory: [mem 0xfedd4000-0xfedd5fff]
Jun 15 09:22:49 fedora kernel: PM: hibernation: Registered nosave memory: [mem 0xfedd6000-0xffffffff]
Jun 15 09:22:49 fedora kernel: [mem 0xc0000000-0xfe9fffff] available for PCI devices
Jun 15 09:22:49 fedora kernel: Booting paravirtualized kernel on bare hardware
Jun 15 09:22:49 fedora kernel: clocksource: refined-jiffies: mask: 0xffffffff max_cycles: 0xffffffff, max_idle_ns: 1910969940391419 ns
Jun 15 09:22:49 fedora kernel: setup_percpu: NR_CPUS:8192 nr_cpumask_bits:32 nr_cpu_ids:32 nr_node_ids:1
Jun 15 09:22:49 fedora kernel: percpu: Embedded 85 pages/cpu s225280 r8192 d114688 u524288
Jun 15 09:22:49 fedora kernel: pcpu-alloc: s225280 r8192 d114688 u524288 alloc=1*2097152
Jun 15 09:22:49 fedora kernel: pcpu-alloc: [0] 00 01 02 03 [0] 04 05 06 07 
Jun 15 09:22:49 fedora kernel: pcpu-alloc: [0] 08 09 10 11 [0] 12 13 14 15 
Jun 15 09:22:49 fedora kernel: pcpu-alloc: [0] 16 17 18 19 [0] 20 21 22 23 
Jun 15 09:22:49 fedora kernel: pcpu-alloc: [0] 24 25 26 27 [0] 28 29 30 31 
Jun 15 09:22:49 fedora kernel: Kernel command line: BOOT_IMAGE=(hd2,gpt6)/root/boot/vmlinuz-6.8.11-300.fc40.x86_64 root=UUID=c0a1d540-8980-457e-b68b-41add265bbd3 ro rootflags=subvol=root rhgb quiet
Jun 15 09:22:49 fedora kernel: Unknown kernel command line parameters "rhgb BOOT_IMAGE=(hd2,gpt6)/root/boot/vmlinuz-6.8.11-300.fc40.x86_64", will be passed to user space.
Jun 15 09:22:49 fedora kernel: Dentry cache hash table entries: 4194304 (order: 13, 33554432 bytes, linear)
Jun 15 09:22:49 fedora kernel: Inode-cache hash table entries: 2097152 (order: 12, 16777216 bytes, linear)
Jun 15 09:22:49 fedora kernel: Fallback order for Node 0: 0 
Jun 15 09:22:49 fedora kernel: Built 1 zonelists, mobility grouping on.  Total pages: 8238610
Jun 15 09:22:49 fedora kernel: Policy zone: Normal
Jun 15 09:22:49 fedora kernel: mem auto-init: stack:all(zero), heap alloc:on, heap free:off
Jun 15 09:22:49 fedora kernel: software IO TLB: area num 32.
Jun 15 09:22:49 fedora kernel: Memory: 32640744K/33478180K available (20480K kernel code, 4247K rwdata, 14880K rodata, 4776K init, 5444K bss, 837176K reserved, 0K cma-reserved)
Jun 15 09:22:49 fedora kernel: SLUB: HWalign=64, Order=0-3, MinObjects=0, CPUs=32, Nodes=1
Jun 15 09:22:49 fedora kernel: ftrace: allocating 54767 entries in 214 pages
Jun 15 09:22:49 fedora kernel: ftrace: allocated 214 pages with 5 groups
Jun 15 09:22:49 fedora kernel: Dynamic Preempt: voluntary
Jun 15 09:22:49 fedora kernel: rcu: Preemptible hierarchical RCU implementation.
Jun 15 09:22:49 fedora kernel: rcu:         RCU restricting CPUs from NR_CPUS=8192 to nr_cpu_ids=32.
Jun 15 09:22:49 fedora kernel:         Trampoline variant of Tasks RCU enabled.
Jun 15 09:22:49 fedora kernel:         Rude variant of Tasks RCU enabled.
Jun 15 09:22:49 fedora kernel:         Tracing variant of Tasks RCU enabled.
Jun 15 09:22:49 fedora kernel: rcu: RCU calculated value of scheduler-enlistment delay is 100 jiffies.
Jun 15 09:22:49 fedora kernel: rcu: Adjusting geometry for rcu_fanout_leaf=16, nr_cpu_ids=32
Jun 15 09:22:49 fedora kernel: NR_IRQS: 524544, nr_irqs: 1224, preallocated irqs: 16
Jun 15 09:22:49 fedora kernel: rcu: srcu_init: Setting srcu_struct sizes based on contention.
Jun 15 09:22:49 fedora kernel: kfence: initialized - using 2097152 bytes for 255 objects at 0x(____ptrval____)-0x(____ptrval____)
Jun 15 09:22:49 fedora kernel: Console: colour dummy device 80x25
Jun 15 09:22:49 fedora kernel: printk: legacy console [tty0] enabled
Jun 15 09:22:49 fedora kernel: ACPI: Core revision 20230628
Jun 15 09:22:49 fedora kernel: clocksource: hpet: mask: 0xffffffff max_cycles: 0xffffffff, max_idle_ns: 133484873504 ns
Jun 15 09:22:49 fedora kernel: APIC: Switch to symmetric I/O mode setup
Jun 15 09:22:49 fedora kernel: AMD-Vi: Using global IVHD EFR:0x0, EFR2:0x0
Jun 15 09:22:49 fedora kernel: x2apic: IRQ remapping doesn't support X2APIC mode
Jun 15 09:22:49 fedora kernel: APIC: Switched APIC routing to: physical flat
Jun 15 09:22:49 fedora kernel: ..TIMER: vector=0x30 apic1=0 pin1=2 apic2=-1 pin2=-1
Jun 15 09:22:49 fedora kernel: clocksource: tsc-early: mask: 0xffffffffffffffff max_cycles: 0x33e4317495a, max_idle_ns: 440795248082 ns
Jun 15 09:22:49 fedora kernel: Calibrating delay loop (skipped), value calculated using timer frequency.. 7199.92 BogoMIPS (lpj=3599964)
Jun 15 09:22:49 fedora kernel: Zenbleed: please update your microcode for the most optimal fix
Jun 15 09:22:49 fedora kernel: x86/cpu: User Mode Instruction Prevention (UMIP) activated
Jun 15 09:22:49 fedora kernel: LVT offset 1 assigned for vector 0xf9
Jun 15 09:22:49 fedora kernel: LVT offset 2 assigned for vector 0xf4
Jun 15 09:22:49 fedora kernel: process: using mwait in idle threads
Jun 15 09:22:49 fedora kernel: Last level iTLB entries: 4KB 1024, 2MB 1024, 4MB 512
Jun 15 09:22:49 fedora kernel: Last level dTLB entries: 4KB 2048, 2MB 2048, 4MB 1024, 1GB 0
Jun 15 09:22:49 fedora kernel: Spectre V1 : Mitigation: usercopy/swapgs barriers and __user pointer sanitization
Jun 15 09:22:49 fedora kernel: Spectre V2 : Mitigation: Retpolines
Jun 15 09:22:49 fedora kernel: Spectre V2 : Spectre v2 / SpectreRSB mitigation: Filling RSB on context switch
Jun 15 09:22:49 fedora kernel: Spectre V2 : Spectre v2 / SpectreRSB : Filling RSB on VMEXIT
Jun 15 09:22:49 fedora kernel: Spectre V2 : Enabling Speculation Barrier for firmware calls
Jun 15 09:22:49 fedora kernel: RETBleed: Mitigation: untrained return thunk
Jun 15 09:22:49 fedora kernel: Spectre V2 : mitigation: Enabling conditional Indirect Branch Prediction Barrier
Jun 15 09:22:49 fedora kernel: Speculative Store Bypass: Mitigation: Speculative Store Bypass disabled via prctl
Jun 15 09:22:49 fedora kernel: x86/fpu: Supporting XSAVE feature 0x001: 'x87 floating point registers'
Jun 15 09:22:49 fedora kernel: x86/fpu: Supporting XSAVE feature 0x002: 'SSE registers'
Jun 15 09:22:49 fedora kernel: x86/fpu: Supporting XSAVE feature 0x004: 'AVX registers'
Jun 15 09:22:49 fedora kernel: x86/fpu: xstate_offset[2]:  576, xstate_sizes[2]:  256
Jun 15 09:22:49 fedora kernel: x86/fpu: Enabled xstate features 0x7, context size is 832 bytes, using 'compacted' format.
Jun 15 09:22:49 fedora kernel: Freeing SMP alternatives memory: 48K
Jun 15 09:22:49 fedora kernel: pid_max: default: 32768 minimum: 301
Jun 15 09:22:49 fedora kernel: LSM: initializing lsm=lockdown,capability,yama,selinux,bpf,landlock,integrity
Jun 15 09:22:49 fedora kernel: Yama: becoming mindful.
Jun 15 09:22:49 fedora kernel: SELinux:  Initializing.
Jun 15 09:22:49 fedora kernel: LSM support for eBPF active
Jun 15 09:22:49 fedora kernel: landlock: Up and running.
Jun 15 09:22:49 fedora kernel: Mount-cache hash table entries: 65536 (order: 7, 524288 bytes, linear)
Jun 15 09:22:49 fedora kernel: Mountpoint-cache hash table entries: 65536 (order: 7, 524288 bytes, linear)
Jun 15 09:22:49 fedora kernel: smpboot: CPU0: AMD Ryzen 5 3500 6-Core Processor (family: 0x17, model: 0x71, stepping: 0x0)
Jun 15 09:22:49 fedora kernel: RCU Tasks: Setting shift to 5 and lim to 1 rcu_task_cb_adjust=1.
Jun 15 09:22:49 fedora kernel: RCU Tasks Rude: Setting shift to 5 and lim to 1 rcu_task_cb_adjust=1.
Jun 15 09:22:49 fedora kernel: RCU Tasks Trace: Setting shift to 5 and lim to 1 rcu_task_cb_adjust=1.
Jun 15 09:22:49 fedora kernel: Performance Events: Fam17h+ core perfctr, AMD PMU driver.
Jun 15 09:22:49 fedora kernel: ... version:                0
Jun 15 09:22:49 fedora kernel: ... bit width:              48
Jun 15 09:22:49 fedora kernel: ... generic registers:      6
Jun 15 09:22:49 fedora kernel: ... value mask:             0000ffffffffffff
Jun 15 09:22:49 fedora kernel: ... max period:             00007fffffffffff
Jun 15 09:22:49 fedora kernel: ... fixed-purpose events:   0
Jun 15 09:22:49 fedora kernel: ... event mask:             000000000000003f
Jun 15 09:22:49 fedora kernel: signal: max sigframe size: 1776
Jun 15 09:22:49 fedora kernel: rcu: Hierarchical SRCU implementation.
Jun 15 09:22:49 fedora kernel: rcu:         Max phase no-delay instances is 400.
Jun 15 09:22:49 fedora kernel: NMI watchdog: Enabled. Permanently consumes one hw-PMU counter.
Jun 15 09:22:49 fedora kernel: smp: Bringing up secondary CPUs ...
Jun 15 09:22:49 fedora kernel: smpboot: x86: Booting SMP configuration:
Jun 15 09:22:49 fedora kernel: .... node  #0, CPUs:        #1  #2  #3  #4  #5
Jun 15 09:22:49 fedora kernel: smp: Brought up 1 node, 6 CPUs
Jun 15 09:22:49 fedora kernel: smpboot: Max logical packages: 6
Jun 15 09:22:49 fedora kernel: smpboot: Total of 6 processors activated (43199.56 BogoMIPS)
Jun 15 09:22:49 fedora kernel: devtmpfs: initialized
Jun 15 09:22:49 fedora kernel: x86/mm: Memory block size: 128MB
Jun 15 09:22:49 fedora kernel: ACPI: PM: Registering ACPI NVS region [mem 0x0a200000-0x0a210fff] (69632 bytes)
Jun 15 09:22:49 fedora kernel: ACPI: PM: Registering ACPI NVS region [mem 0xbb4fc000-0xbcbfafff] (24113152 bytes)
Jun 15 09:22:49 fedora kernel: clocksource: jiffies: mask: 0xffffffff max_cycles: 0xffffffff, max_idle_ns: 1911260446275000 ns
Jun 15 09:22:49 fedora kernel: futex hash table entries: 8192 (order: 7, 524288 bytes, linear)
Jun 15 09:22:49 fedora kernel: pinctrl core: initialized pinctrl subsystem
Jun 15 09:22:49 fedora kernel: PM: RTC time: 03:52:46, date: 2024-06-15
Jun 15 09:22:49 fedora kernel: NET: Registered PF_NETLINK/PF_ROUTE protocol family
Jun 15 09:22:49 fedora kernel: DMA: preallocated 4096 KiB GFP_KERNEL pool for atomic allocations
Jun 15 09:22:49 fedora kernel: DMA: preallocated 4096 KiB GFP_KERNEL|GFP_DMA pool for atomic allocations
Jun 15 09:22:49 fedora kernel: DMA: preallocated 4096 KiB GFP_KERNEL|GFP_DMA32 pool for atomic allocations
Jun 15 09:22:49 fedora kernel: audit: initializing netlink subsys (disabled)
Jun 15 09:22:49 fedora kernel: audit: type=2000 audit(1718423566.145:1): state=initialized audit_enabled=0 res=1
Jun 15 09:22:49 fedora kernel: thermal_sys: Registered thermal governor 'fair_share'
Jun 15 09:22:49 fedora kernel: thermal_sys: Registered thermal governor 'bang_bang'
Jun 15 09:22:49 fedora kernel: thermal_sys: Registered thermal governor 'step_wise'
Jun 15 09:22:49 fedora kernel: thermal_sys: Registered thermal governor 'user_space'
Jun 15 09:22:49 fedora kernel: cpuidle: using governor menu
Jun 15 09:22:49 fedora kernel: Detected 1 PCC Subspaces
Jun 15 09:22:49 fedora kernel: Registering PCC driver as Mailbox controller
Jun 15 09:22:49 fedora kernel: acpiphp: ACPI Hot Plug PCI Controller Driver version: 0.5
Jun 15 09:22:49 fedora kernel: PCI: ECAM [mem 0xf0000000-0xf7ffffff] (base 0xf0000000) for domain 0000 [bus 00-7f]
Jun 15 09:22:49 fedora kernel: PCI: not using ECAM ([mem 0xf0000000-0xf7ffffff] not reserved)
Jun 15 09:22:49 fedora kernel: PCI: Using configuration type 1 for base access
Jun 15 09:22:49 fedora kernel: PCI: Using configuration type 1 for extended access
Jun 15 09:22:49 fedora kernel: kprobes: kprobe jump-optimization is enabled. All kprobes are optimized if possible.
Jun 15 09:22:49 fedora kernel: HugeTLB: registered 1.00 GiB page size, pre-allocated 0 pages
Jun 15 09:22:49 fedora kernel: HugeTLB: 16380 KiB vmemmap can be freed for a 1.00 GiB page
Jun 15 09:22:49 fedora kernel: HugeTLB: registered 2.00 MiB page size, pre-allocated 0 pages
Jun 15 09:22:49 fedora kernel: HugeTLB: 28 KiB vmemmap can be freed for a 2.00 MiB page
Jun 15 09:22:49 fedora kernel: cryptd: max_cpu_qlen set to 1000
Jun 15 09:22:49 fedora kernel: raid6: skipped pq benchmark and selected avx2x4
Jun 15 09:22:49 fedora kernel: raid6: using avx2x2 recovery algorithm
Jun 15 09:22:49 fedora kernel: ACPI: Added _OSI(Module Device)
Jun 15 09:22:49 fedora kernel: ACPI: Added _OSI(Processor Device)
Jun 15 09:22:49 fedora kernel: ACPI: Added _OSI(3.0 _SCP Extensions)
Jun 15 09:22:49 fedora kernel: ACPI: Added _OSI(Processor Aggregator Device)
Jun 15 09:22:49 fedora kernel: ACPI: 8 ACPI AML tables successfully acquired and loaded
Jun 15 09:22:49 fedora kernel: ACPI: [Firmware Bug]: BIOS _OSI(Linux) query ignored
Jun 15 09:22:49 fedora kernel: ACPI: _OSC evaluation for CPUs failed, trying _PDC
Jun 15 09:22:49 fedora kernel: ACPI: Interpreter enabled
Jun 15 09:22:49 fedora kernel: ACPI: PM: (supports S0 S3 S4 S5)
Jun 15 09:22:49 fedora kernel: ACPI: Using IOAPIC for interrupt routing
Jun 15 09:22:49 fedora kernel: PCI: ECAM [mem 0xf0000000-0xf7ffffff] (base 0xf0000000) for domain 0000 [bus 00-7f]
Jun 15 09:22:49 fedora kernel: PCI: ECAM [mem 0xf0000000-0xf7ffffff] reserved as ACPI motherboard resource
Jun 15 09:22:49 fedora kernel: PCI: Using host bridge windows from ACPI; if necessary, use "pci=nocrs" and report a bug
Jun 15 09:22:49 fedora kernel: PCI: Ignoring E820 reservations for host bridge windows
Jun 15 09:22:49 fedora kernel: ACPI: Enabled 3 GPEs in block 00 to 1F
Jun 15 09:22:49 fedora kernel: ACPI: PCI Root Bridge [PCI0] (domain 0000 [bus 00-ff])
Jun 15 09:22:49 fedora kernel: acpi PNP0A08:00: _OSC: OS supports [ExtendedConfig ASPM ClockPM Segments MSI EDR HPX-Type3]
Jun 15 09:22:49 fedora kernel: acpi PNP0A08:00: _OSC: platform does not support [SHPCHotplug LTR DPC]
Jun 15 09:22:49 fedora kernel: acpi PNP0A08:00: _OSC: OS now controls [PCIeHotplug PME AER PCIeCapability]
Jun 15 09:22:49 fedora kernel: acpi PNP0A08:00: [Firmware Info]: ECAM [mem 0xf0000000-0xf7ffffff] for domain 0000 [bus 00-7f] only partially covers this bridge
Jun 15 09:22:49 fedora kernel: PCI host bridge to bus 0000:00
Jun 15 09:22:49 fedora kernel: pci_bus 0000:00: root bus resource [io  0x0000-0x03af window]
Jun 15 09:22:49 fedora kernel: pci_bus 0000:00: root bus resource [io  0x03e0-0x0cf7 window]
Jun 15 09:22:49 fedora kernel: pci_bus 0000:00: root bus resource [io  0x03b0-0x03df window]
Jun 15 09:22:49 fedora kernel: pci_bus 0000:00: root bus resource [io  0x0d00-0xffff window]
Jun 15 09:22:49 fedora kernel: pci_bus 0000:00: root bus resource [mem 0x000a0000-0x000dffff window]
Jun 15 09:22:49 fedora kernel: pci_bus 0000:00: root bus resource [mem 0xc0000000-0xfcffffff window]
Jun 15 09:22:49 fedora kernel: pci_bus 0000:00: root bus resource [mem 0x840000000-0x7fffffffff window]
Jun 15 09:22:49 fedora kernel: pci_bus 0000:00: root bus resource [bus 00-ff]
Jun 15 09:22:49 fedora kernel: pci 0000:00:00.0: [1022:1480] type 00 class 0x060000 conventional PCI endpoint
Jun 15 09:22:49 fedora kernel: pci 0000:00:00.2: [1022:1481] type 00 class 0x080600 conventional PCI endpoint
Jun 15 09:22:49 fedora kernel: pci 0000:00:01.0: [1022:1482] type 00 class 0x060000 conventional PCI endpoint
Jun 15 09:22:49 fedora kernel: pci 0000:00:01.1: [1022:1483] type 01 class 0x060400 PCIe Root Port
Jun 15 09:22:49 fedora kernel: pci 0000:00:01.1: PCI bridge to [bus 01]
Jun 15 09:22:49 fedora kernel: pci 0000:00:01.1:   bridge window [mem 0xfcf00000-0xfcffffff]
Jun 15 09:22:49 fedora kernel: pci 0000:00:01.1: PME# supported from D0 D3hot D3cold
Jun 15 09:22:49 fedora kernel: pci 0000:00:01.3: [1022:1483] type 01 class 0x060400 PCIe Root Port
Jun 15 09:22:49 fedora kernel: pci 0000:00:01.3: PCI bridge to [bus 03-28]
Jun 15 09:22:49 fedora kernel: pci 0000:00:01.3:   bridge window [io  0xf000-0xffff]
Jun 15 09:22:49 fedora kernel: pci 0000:00:01.3:   bridge window [mem 0xfcd00000-0xfcefffff]
Jun 15 09:22:49 fedora kernel: pci 0000:00:01.3: PME# supported from D0 D3hot D3cold
Jun 15 09:22:49 fedora kernel: pci 0000:00:02.0: [1022:1482] type 00 class 0x060000 conventional PCI endpoint
Jun 15 09:22:49 fedora kernel: pci 0000:00:03.0: [1022:1482] type 00 class 0x060000 conventional PCI endpoint
Jun 15 09:22:49 fedora kernel: pci 0000:00:03.1: [1022:1483] type 01 class 0x060400 PCIe Root Port
Jun 15 09:22:49 fedora kernel: pci 0000:00:03.1: PCI bridge to [bus 29-2b]
Jun 15 09:22:49 fedora kernel: pci 0000:00:03.1:   bridge window [io  0xe000-0xefff]
Jun 15 09:22:49 fedora kernel: pci 0000:00:03.1:   bridge window [mem 0xfca00000-0xfccfffff]
Jun 15 09:22:49 fedora kernel: pci 0000:00:03.1:   bridge window [mem 0x7800000000-0x7c0fffffff 64bit pref]
Jun 15 09:22:49 fedora kernel: pci 0000:00:03.1: PME# supported from D0 D3hot D3cold
Jun 15 09:22:49 fedora kernel: pci 0000:00:04.0: [1022:1482] type 00 class 0x060000 conventional PCI endpoint
Jun 15 09:22:49 fedora kernel: pci 0000:00:05.0: [1022:1482] type 00 class 0x060000 conventional PCI endpoint
Jun 15 09:22:49 fedora kernel: pci 0000:00:07.0: [1022:1482] type 00 class 0x060000 conventional PCI endpoint
Jun 15 09:22:49 fedora kernel: pci 0000:00:07.1: [1022:1484] type 01 class 0x060400 PCIe Root Port
Jun 15 09:22:49 fedora kernel: pci 0000:00:07.1: PCI bridge to [bus 2c]
Jun 15 09:22:49 fedora kernel: pci 0000:00:07.1: PME# supported from D0 D3hot D3cold
Jun 15 09:22:49 fedora kernel: pci 0000:00:08.0: [1022:1482] type 00 class 0x060000 conventional PCI endpoint
Jun 15 09:22:49 fedora kernel: pci 0000:00:08.1: [1022:1484] type 01 class 0x060400 PCIe Root Port
Jun 15 09:22:49 fedora kernel: pci 0000:00:08.1: PCI bridge to [bus 2d]
Jun 15 09:22:49 fedora kernel: pci 0000:00:08.1:   bridge window [mem 0xfc700000-0xfc9fffff]
Jun 15 09:22:49 fedora kernel: pci 0000:00:08.1: PME# supported from D0 D3hot D3cold
Jun 15 09:22:49 fedora kernel: pci 0000:00:14.0: [1022:790b] type 00 class 0x0c0500 conventional PCI endpoint
Jun 15 09:22:49 fedora kernel: pci 0000:00:14.3: [1022:790e] type 00 class 0x060100 conventional PCI endpoint
Jun 15 09:22:49 fedora kernel: pci 0000:00:18.0: [1022:1440] type 00 class 0x060000 conventional PCI endpoint
Jun 15 09:22:49 fedora kernel: pci 0000:00:18.1: [1022:1441] type 00 class 0x060000 conventional PCI endpoint
Jun 15 09:22:49 fedora kernel: pci 0000:00:18.2: [1022:1442] type 00 class 0x060000 conventional PCI endpoint
Jun 15 09:22:49 fedora kernel: pci 0000:00:18.3: [1022:1443] type 00 class 0x060000 conventional PCI endpoint
Jun 15 09:22:49 fedora kernel: pci 0000:00:18.4: [1022:1444] type 00 class 0x060000 conventional PCI endpoint
Jun 15 09:22:49 fedora kernel: pci 0000:00:18.5: [1022:1445] type 00 class 0x060000 conventional PCI endpoint
Jun 15 09:22:49 fedora kernel: pci 0000:00:18.6: [1022:1446] type 00 class 0x060000 conventional PCI endpoint
Jun 15 09:22:49 fedora kernel: pci 0000:00:18.7: [1022:1447] type 00 class 0x060000 conventional PCI endpoint
Jun 15 09:22:49 fedora kernel: pci 0000:01:00.0: [2646:2263] type 00 class 0x010802 PCIe Endpoint
Jun 15 09:22:49 fedora kernel: pci 0000:01:00.0: BAR 0 [mem 0xfcf00000-0xfcf03fff 64bit]
Jun 15 09:22:49 fedora kernel: pci 0000:00:01.1: PCI bridge to [bus 01]
Jun 15 09:22:49 fedora kernel: pci 0000:03:00.0: [1022:43bc] type 00 class 0x0c0330 PCIe Legacy Endpoint
Jun 15 09:22:49 fedora kernel: pci 0000:03:00.0: BAR 0 [mem 0xfcea0000-0xfcea7fff 64bit]
Jun 15 09:22:49 fedora kernel: pci 0000:03:00.0: PME# supported from D3hot D3cold
Jun 15 09:22:49 fedora kernel: pci 0000:03:00.1: [1022:43b8] type 00 class 0x010601 PCIe Legacy Endpoint
Jun 15 09:22:49 fedora kernel: pci 0000:03:00.1: BAR 5 [mem 0xfce80000-0xfce9ffff]
Jun 15 09:22:49 fedora kernel: pci 0000:03:00.1: ROM [mem 0xfce00000-0xfce7ffff pref]
Jun 15 09:22:49 fedora kernel: pci 0000:03:00.1: PME# supported from D3hot D3cold
Jun 15 09:22:49 fedora kernel: pci 0000:03:00.2: [1022:43b3] type 01 class 0x060400 PCIe Switch Upstream Port
Jun 15 09:22:49 fedora kernel: pci 0000:03:00.2: PCI bridge to [bus 20-28]
Jun 15 09:22:49 fedora kernel: pci 0000:03:00.2:   bridge window [io  0xf000-0xffff]
Jun 15 09:22:49 fedora kernel: pci 0000:03:00.2:   bridge window [mem 0xfcd00000-0xfcdfffff]
Jun 15 09:22:49 fedora kernel: pci 0000:03:00.2: PME# supported from D3hot D3cold
Jun 15 09:22:49 fedora kernel: pci 0000:00:01.3: PCI bridge to [bus 03-28]
Jun 15 09:22:49 fedora kernel: pci 0000:20:04.0: [1022:43b4] type 01 class 0x060400 PCIe Switch Downstream Port
Jun 15 09:22:49 fedora kernel: pci 0000:20:04.0: PCI bridge to [bus 25]
Jun 15 09:22:49 fedora kernel: pci 0000:20:04.0:   bridge window [io  0xf000-0xffff]
Jun 15 09:22:49 fedora kernel: pci 0000:20:04.0:   bridge window [mem 0xfcd00000-0xfcdfffff]
Jun 15 09:22:49 fedora kernel: pci 0000:20:04.0: PME# supported from D3hot D3cold
Jun 15 09:22:49 fedora kernel: pci 0000:20:05.0: [1022:43b4] type 01 class 0x060400 PCIe Switch Downstream Port
Jun 15 09:22:49 fedora kernel: pci 0000:20:05.0: PCI bridge to [bus 26]
Jun 15 09:22:49 fedora kernel: pci 0000:20:05.0: enabling Extended Tags
Jun 15 09:22:49 fedora kernel: pci 0000:20:05.0: PME# supported from D3hot D3cold
Jun 15 09:22:49 fedora kernel: pci 0000:20:06.0: [1022:43b4] type 01 class 0x060400 PCIe Switch Downstream Port
Jun 15 09:22:49 fedora kernel: pci 0000:20:06.0: PCI bridge to [bus 27]
Jun 15 09:22:49 fedora kernel: pci 0000:20:06.0: enabling Extended Tags
Jun 15 09:22:49 fedora kernel: pci 0000:20:06.0: PME# supported from D3hot D3cold
Jun 15 09:22:49 fedora kernel: pci 0000:20:07.0: [1022:43b4] type 01 class 0x060400 PCIe Switch Downstream Port
Jun 15 09:22:49 fedora kernel: pci 0000:20:07.0: PCI bridge to [bus 28]
Jun 15 09:22:49 fedora kernel: pci 0000:20:07.0: enabling Extended Tags
Jun 15 09:22:49 fedora kernel: pci 0000:20:07.0: PME# supported from D3hot D3cold
Jun 15 09:22:49 fedora kernel: pci 0000:03:00.2: PCI bridge to [bus 20-28]
Jun 15 09:22:49 fedora kernel: pci 0000:25:00.0: [10ec:8168] type 00 class 0x020000 PCIe Endpoint
Jun 15 09:22:49 fedora kernel: pci 0000:25:00.0: BAR 0 [io  0xf000-0xf0ff]
Jun 15 09:22:49 fedora kernel: pci 0000:25:00.0: BAR 2 [mem 0xfcd04000-0xfcd04fff 64bit]
Jun 15 09:22:49 fedora kernel: pci 0000:25:00.0: BAR 4 [mem 0xfcd00000-0xfcd03fff 64bit]
Jun 15 09:22:49 fedora kernel: pci 0000:25:00.0: supports D1 D2
Jun 15 09:22:49 fedora kernel: pci 0000:25:00.0: PME# supported from D0 D1 D2 D3hot D3cold
Jun 15 09:22:49 fedora kernel: pci 0000:20:04.0: PCI bridge to [bus 25]
Jun 15 09:22:49 fedora kernel: pci 0000:20:05.0: PCI bridge to [bus 26]
Jun 15 09:22:49 fedora kernel: pci 0000:20:06.0: PCI bridge to [bus 27]
Jun 15 09:22:49 fedora kernel: pci 0000:20:07.0: PCI bridge to [bus 28]
Jun 15 09:22:49 fedora kernel: pci 0000:29:00.0: [1002:1478] type 01 class 0x060400 PCIe Switch Upstream Port
Jun 15 09:22:49 fedora kernel: pci 0000:29:00.0: BAR 0 [mem 0xfcc00000-0xfcc03fff]
Jun 15 09:22:49 fedora kernel: pci 0000:29:00.0: PCI bridge to [bus 2a-2b]
Jun 15 09:22:49 fedora kernel: pci 0000:29:00.0:   bridge window [io  0xe000-0xefff]
Jun 15 09:22:49 fedora kernel: pci 0000:29:00.0:   bridge window [mem 0xfca00000-0xfcbfffff]
Jun 15 09:22:49 fedora kernel: pci 0000:29:00.0:   bridge window [mem 0x7800000000-0x7c0fffffff 64bit pref]
Jun 15 09:22:49 fedora kernel: pci 0000:29:00.0: PME# supported from D0 D3hot D3cold
Jun 15 09:22:49 fedora kernel: pci 0000:29:00.0: 126.016 Gb/s available PCIe bandwidth, limited by 8.0 GT/s PCIe x16 link at 0000:00:03.1 (capable of 252.048 Gb/s with 16.0 GT/s PCIe x16 link)
Jun 15 09:22:49 fedora kernel: pci 0000:00:03.1: PCI bridge to [bus 29-2b]
Jun 15 09:22:49 fedora kernel: pci 0000:2a:00.0: [1002:1479] type 01 class 0x060400 PCIe Switch Downstream Port
Jun 15 09:22:49 fedora kernel: pci 0000:2a:00.0: PCI bridge to [bus 2b]
Jun 15 09:22:49 fedora kernel: pci 0000:2a:00.0:   bridge window [io  0xe000-0xefff]
Jun 15 09:22:49 fedora kernel: pci 0000:2a:00.0:   bridge window [mem 0xfca00000-0xfcbfffff]
Jun 15 09:22:49 fedora kernel: pci 0000:2a:00.0:   bridge window [mem 0x7800000000-0x7c0fffffff 64bit pref]
Jun 15 09:22:49 fedora kernel: pci 0000:2a:00.0: PME# supported from D0 D3hot D3cold
Jun 15 09:22:49 fedora kernel: pci 0000:29:00.0: PCI bridge to [bus 2a-2b]
Jun 15 09:22:49 fedora kernel: pci 0000:2b:00.0: [1002:73df] type 00 class 0x030000 PCIe Legacy Endpoint
Jun 15 09:22:49 fedora kernel: pci 0000:2b:00.0: BAR 0 [mem 0x7800000000-0x7bffffffff 64bit pref]
Jun 15 09:22:49 fedora kernel: pci 0000:2b:00.0: BAR 2 [mem 0x7c00000000-0x7c0fffffff 64bit pref]
Jun 15 09:22:49 fedora kernel: pci 0000:2b:00.0: BAR 4 [io  0xe000-0xe0ff]
Jun 15 09:22:49 fedora kernel: pci 0000:2b:00.0: BAR 5 [mem 0xfca00000-0xfcafffff]
Jun 15 09:22:49 fedora kernel: pci 0000:2b:00.0: ROM [mem 0xfcb00000-0xfcb1ffff pref]
Jun 15 09:22:49 fedora kernel: pci 0000:2b:00.0: BAR 0: assigned to efifb
Jun 15 09:22:49 fedora kernel: pci 0000:2b:00.0: PME# supported from D1 D2 D3hot D3cold
Jun 15 09:22:49 fedora kernel: pci 0000:2b:00.0: 126.016 Gb/s available PCIe bandwidth, limited by 8.0 GT/s PCIe x16 link at 0000:00:03.1 (capable of 252.048 Gb/s with 16.0 GT/s PCIe x16 link)
Jun 15 09:22:49 fedora kernel: pci 0000:2b:00.1: [1002:ab28] type 00 class 0x040300 PCIe Legacy Endpoint
Jun 15 09:22:49 fedora kernel: pci 0000:2b:00.1: BAR 0 [mem 0xfcb20000-0xfcb23fff]
Jun 15 09:22:49 fedora kernel: pci 0000:2b:00.1: PME# supported from D1 D2 D3hot D3cold
Jun 15 09:22:49 fedora kernel: pci 0000:2a:00.0: PCI bridge to [bus 2b]
Jun 15 09:22:49 fedora kernel: pci 0000:2c:00.0: [1022:148a] type 00 class 0x130000 PCIe Endpoint
Jun 15 09:22:49 fedora kernel: pci 0000:00:07.1: PCI bridge to [bus 2c]
Jun 15 09:22:49 fedora kernel: pci 0000:2d:00.0: [1022:1485] type 00 class 0x130000 PCIe Endpoint
Jun 15 09:22:49 fedora kernel: pci 0000:2d:00.1: [1022:1486] type 00 class 0x108000 PCIe Endpoint
Jun 15 09:22:49 fedora kernel: pci 0000:2d:00.1: BAR 2 [mem 0xfc800000-0xfc8fffff]
Jun 15 09:22:49 fedora kernel: pci 0000:2d:00.1: BAR 5 [mem 0xfc908000-0xfc909fff]
Jun 15 09:22:49 fedora kernel: pci 0000:2d:00.3: [1022:149c] type 00 class 0x0c0330 PCIe Endpoint
Jun 15 09:22:49 fedora kernel: pci 0000:2d:00.3: BAR 0 [mem 0xfc700000-0xfc7fffff 64bit]
Jun 15 09:22:49 fedora kernel: pci 0000:2d:00.3: PME# supported from D0 D3hot D3cold
Jun 15 09:22:49 fedora kernel: pci 0000:2d:00.4: [1022:1487] type 00 class 0x040300 PCIe Endpoint
Jun 15 09:22:49 fedora kernel: pci 0000:2d:00.4: BAR 0 [mem 0xfc900000-0xfc907fff]
Jun 15 09:22:49 fedora kernel: pci 0000:2d:00.4: PME# supported from D0 D3hot D3cold
Jun 15 09:22:49 fedora kernel: pci 0000:00:08.1: PCI bridge to [bus 2d]
Jun 15 09:22:49 fedora kernel: ACPI: PCI: Interrupt link LNKA configured for IRQ 0
Jun 15 09:22:49 fedora kernel: ACPI: PCI: Interrupt link LNKB configured for IRQ 0
Jun 15 09:22:49 fedora kernel: ACPI: PCI: Interrupt link LNKC configured for IRQ 0
Jun 15 09:22:49 fedora kernel: ACPI: PCI: Interrupt link LNKD configured for IRQ 0
Jun 15 09:22:49 fedora kernel: ACPI: PCI: Interrupt link LNKE configured for IRQ 0
Jun 15 09:22:49 fedora kernel: ACPI: PCI: Interrupt link LNKF configured for IRQ 0
Jun 15 09:22:49 fedora kernel: ACPI: PCI: Interrupt link LNKG configured for IRQ 0
Jun 15 09:22:49 fedora kernel: ACPI: PCI: Interrupt link LNKH configured for IRQ 0
Jun 15 09:22:49 fedora kernel: iommu: Default domain type: Translated
Jun 15 09:22:49 fedora kernel: iommu: DMA domain TLB invalidation policy: lazy mode
Jun 15 09:22:49 fedora kernel: SCSI subsystem initialized
Jun 15 09:22:49 fedora kernel: libata version 3.00 loaded.
Jun 15 09:22:49 fedora kernel: ACPI: bus type USB registered
Jun 15 09:22:49 fedora kernel: usbcore: registered new interface driver usbfs
Jun 15 09:22:49 fedora kernel: usbcore: registered new interface driver hub
Jun 15 09:22:49 fedora kernel: usbcore: registered new device driver usb
Jun 15 09:22:49 fedora kernel: pps_core: LinuxPPS API ver. 1 registered
Jun 15 09:22:49 fedora kernel: pps_core: Software ver. 5.3.6 - Copyright 2005-2007 Rodolfo Giometti <giometti@linux.it>
Jun 15 09:22:49 fedora kernel: PTP clock support registered
Jun 15 09:22:49 fedora kernel: EDAC MC: Ver: 3.0.0
Jun 15 09:22:49 fedora kernel: efivars: Registered efivars operations
Jun 15 09:22:49 fedora kernel: NetLabel: Initializing
Jun 15 09:22:49 fedora kernel: NetLabel:  domain hash size = 128
Jun 15 09:22:49 fedora kernel: NetLabel:  protocols = UNLABELED CIPSOv4 CALIPSO
Jun 15 09:22:49 fedora kernel: NetLabel:  unlabeled traffic allowed by default
Jun 15 09:22:49 fedora kernel: mctp: management component transport protocol core
Jun 15 09:22:49 fedora kernel: NET: Registered PF_MCTP protocol family
Jun 15 09:22:49 fedora kernel: PCI: Using ACPI for IRQ routing
Jun 15 09:22:49 fedora kernel: PCI: pci_cache_line_size set to 64 bytes
Jun 15 09:22:49 fedora kernel: e820: reserve RAM buffer [mem 0x09d82000-0x0bffffff]
Jun 15 09:22:49 fedora kernel: e820: reserve RAM buffer [mem 0x0a200000-0x0bffffff]
Jun 15 09:22:49 fedora kernel: e820: reserve RAM buffer [mem 0x0b000000-0x0bffffff]
Jun 15 09:22:49 fedora kernel: e820: reserve RAM buffer [mem 0xb714c018-0xb7ffffff]
Jun 15 09:22:49 fedora kernel: e820: reserve RAM buffer [mem 0xb716a018-0xb7ffffff]
Jun 15 09:22:49 fedora kernel: e820: reserve RAM buffer [mem 0xb7309000-0xb7ffffff]
Jun 15 09:22:49 fedora kernel: e820: reserve RAM buffer [mem 0xb99a8000-0xbbffffff]
Jun 15 09:22:49 fedora kernel: e820: reserve RAM buffer [mem 0xbb118000-0xbbffffff]
Jun 15 09:22:49 fedora kernel: e820: reserve RAM buffer [mem 0xbf000000-0xbfffffff]
Jun 15 09:22:49 fedora kernel: e820: reserve RAM buffer [mem 0x83f380000-0x83fffffff]
Jun 15 09:22:49 fedora kernel: pci 0000:2b:00.0: vgaarb: setting as boot VGA device
Jun 15 09:22:49 fedora kernel: pci 0000:2b:00.0: vgaarb: bridge control possible
Jun 15 09:22:49 fedora kernel: pci 0000:2b:00.0: vgaarb: VGA device added: decodes=io+mem,owns=none,locks=none
Jun 15 09:22:49 fedora kernel: vgaarb: loaded
Jun 15 09:22:49 fedora kernel: hpet0: at MMIO 0xfed00000, IRQs 2, 8, 0
Jun 15 09:22:49 fedora kernel: hpet0: 3 comparators, 32-bit 14.318180 MHz counter
Jun 15 09:22:49 fedora kernel: clocksource: Switched to clocksource tsc-early
Jun 15 09:22:49 fedora kernel: VFS: Disk quotas dquot_6.6.0
Jun 15 09:22:49 fedora kernel: VFS: Dquot-cache hash table entries: 512 (order 0, 4096 bytes)
Jun 15 09:22:49 fedora kernel: pnp: PnP ACPI init
Jun 15 09:22:49 fedora kernel: system 00:00: [mem 0xf0000000-0xf7ffffff] has been reserved
Jun 15 09:22:49 fedora kernel: system 00:01: [mem 0xfd200000-0xfd2fffff] has been reserved
Jun 15 09:22:49 fedora kernel: system 00:03: [io  0x0a00-0x0a0f] has been reserved
Jun 15 09:22:49 fedora kernel: system 00:03: [io  0x0a10-0x0a1f] has been reserved
Jun 15 09:22:49 fedora kernel: system 00:03: [io  0x0a20-0x0a2f] has been reserved
Jun 15 09:22:49 fedora kernel: system 00:03: [io  0x0a40-0x0a4f] has been reserved
Jun 15 09:22:49 fedora kernel: pnp 00:04: [dma 0 disabled]
Jun 15 09:22:49 fedora kernel: system 00:05: [io  0x04d0-0x04d1] has been reserved
Jun 15 09:22:49 fedora kernel: system 00:05: [io  0x040b] has been reserved
Jun 15 09:22:49 fedora kernel: system 00:05: [io  0x04d6] has been reserved
Jun 15 09:22:49 fedora kernel: system 00:05: [io  0x0c00-0x0c01] has been reserved
Jun 15 09:22:49 fedora kernel: system 00:05: [io  0x0c14] has been reserved
Jun 15 09:22:49 fedora kernel: system 00:05: [io  0x0c50-0x0c51] has been reserved
Jun 15 09:22:49 fedora kernel: system 00:05: [io  0x0c52] has been reserved
Jun 15 09:22:49 fedora kernel: system 00:05: [io  0x0c6c] has been reserved
Jun 15 09:22:49 fedora kernel: system 00:05: [io  0x0c6f] has been reserved
Jun 15 09:22:49 fedora kernel: system 00:05: [io  0x0cd8-0x0cdf] has been reserved
Jun 15 09:22:49 fedora kernel: system 00:05: [io  0x0800-0x089f] has been reserved
Jun 15 09:22:49 fedora kernel: system 00:05: [io  0x0b00-0x0b0f] has been reserved
Jun 15 09:22:49 fedora kernel: system 00:05: [io  0x0b20-0x0b3f] has been reserved
Jun 15 09:22:49 fedora kernel: system 00:05: [io  0x0900-0x090f] has been reserved
Jun 15 09:22:49 fedora kernel: system 00:05: [io  0x0910-0x091f] has been reserved
Jun 15 09:22:49 fedora kernel: system 00:05: [mem 0xfec00000-0xfec00fff] could not be reserved
Jun 15 09:22:49 fedora kernel: system 00:05: [mem 0xfec01000-0xfec01fff] could not be reserved
Jun 15 09:22:49 fedora kernel: system 00:05: [mem 0xfedc0000-0xfedc0fff] has been reserved
Jun 15 09:22:49 fedora kernel: system 00:05: [mem 0xfee00000-0xfee00fff] has been reserved
Jun 15 09:22:49 fedora kernel: system 00:05: [mem 0xfed80000-0xfed8ffff] could not be reserved
Jun 15 09:22:49 fedora kernel: system 00:05: [mem 0xfec10000-0xfec10fff] has been reserved
Jun 15 09:22:49 fedora kernel: system 00:05: [mem 0xff000000-0xffffffff] has been reserved
Jun 15 09:22:49 fedora kernel: pnp: PnP ACPI: found 6 devices
Jun 15 09:22:49 fedora kernel: clocksource: acpi_pm: mask: 0xffffff max_cycles: 0xffffff, max_idle_ns: 2085701024 ns
Jun 15 09:22:49 fedora kernel: NET: Registered PF_INET protocol family
Jun 15 09:22:49 fedora kernel: IP idents hash table entries: 262144 (order: 9, 2097152 bytes, linear)
Jun 15 09:22:49 fedora kernel: tcp_listen_portaddr_hash hash table entries: 16384 (order: 6, 262144 bytes, linear)
Jun 15 09:22:49 fedora kernel: Table-perturb hash table entries: 65536 (order: 6, 262144 bytes, linear)
Jun 15 09:22:49 fedora kernel: TCP established hash table entries: 262144 (order: 9, 2097152 bytes, linear)
Jun 15 09:22:49 fedora kernel: TCP bind hash table entries: 65536 (order: 9, 2097152 bytes, linear)
Jun 15 09:22:49 fedora kernel: TCP: Hash tables configured (established 262144 bind 65536)
Jun 15 09:22:49 fedora kernel: MPTCP token hash table entries: 32768 (order: 7, 786432 bytes, linear)
Jun 15 09:22:49 fedora kernel: UDP hash table entries: 16384 (order: 7, 524288 bytes, linear)
Jun 15 09:22:49 fedora kernel: UDP-Lite hash table entries: 16384 (order: 7, 524288 bytes, linear)
Jun 15 09:22:49 fedora kernel: NET: Registered PF_UNIX/PF_LOCAL protocol family
Jun 15 09:22:49 fedora kernel: NET: Registered PF_XDP protocol family
Jun 15 09:22:49 fedora kernel: pci 0000:00:01.1: PCI bridge to [bus 01]
Jun 15 09:22:49 fedora kernel: pci 0000:00:01.1:   bridge window [mem 0xfcf00000-0xfcffffff]
Jun 15 09:22:49 fedora kernel: pci 0000:20:04.0: PCI bridge to [bus 25]
Jun 15 09:22:49 fedora kernel: pci 0000:20:04.0:   bridge window [io  0xf000-0xffff]
Jun 15 09:22:49 fedora kernel: pci 0000:20:04.0:   bridge window [mem 0xfcd00000-0xfcdfffff]
Jun 15 09:22:49 fedora kernel: pci 0000:20:05.0: PCI bridge to [bus 26]
Jun 15 09:22:49 fedora kernel: pci 0000:20:06.0: PCI bridge to [bus 27]
Jun 15 09:22:49 fedora kernel: pci 0000:20:07.0: PCI bridge to [bus 28]
Jun 15 09:22:49 fedora kernel: pci 0000:03:00.2: PCI bridge to [bus 20-28]
Jun 15 09:22:49 fedora kernel: pci 0000:03:00.2:   bridge window [io  0xf000-0xffff]
Jun 15 09:22:49 fedora kernel: pci 0000:03:00.2:   bridge window [mem 0xfcd00000-0xfcdfffff]
Jun 15 09:22:49 fedora kernel: pci 0000:00:01.3: PCI bridge to [bus 03-28]
Jun 15 09:22:49 fedora kernel: pci 0000:00:01.3:   bridge window [io  0xf000-0xffff]
Jun 15 09:22:49 fedora kernel: pci 0000:00:01.3:   bridge window [mem 0xfcd00000-0xfcefffff]
Jun 15 09:22:49 fedora kernel: pci 0000:2a:00.0: PCI bridge to [bus 2b]
Jun 15 09:22:49 fedora kernel: pci 0000:2a:00.0:   bridge window [io  0xe000-0xefff]
Jun 15 09:22:49 fedora kernel: pci 0000:2a:00.0:   bridge window [mem 0xfca00000-0xfcbfffff]
Jun 15 09:22:49 fedora kernel: pci 0000:2a:00.0:   bridge window [mem 0x7800000000-0x7c0fffffff 64bit pref]
Jun 15 09:22:49 fedora kernel: pci 0000:29:00.0: PCI bridge to [bus 2a-2b]
Jun 15 09:22:49 fedora kernel: pci 0000:29:00.0:   bridge window [io  0xe000-0xefff]
Jun 15 09:22:49 fedora kernel: pci 0000:29:00.0:   bridge window [mem 0xfca00000-0xfcbfffff]
Jun 15 09:22:49 fedora kernel: pci 0000:29:00.0:   bridge window [mem 0x7800000000-0x7c0fffffff 64bit pref]
Jun 15 09:22:49 fedora kernel: pci 0000:00:03.1: PCI bridge to [bus 29-2b]
Jun 15 09:22:49 fedora kernel: pci 0000:00:03.1:   bridge window [io  0xe000-0xefff]
Jun 15 09:22:49 fedora kernel: pci 0000:00:03.1:   bridge window [mem 0xfca00000-0xfccfffff]
Jun 15 09:22:49 fedora kernel: pci 0000:00:03.1:   bridge window [mem 0x7800000000-0x7c0fffffff 64bit pref]
Jun 15 09:22:49 fedora kernel: pci 0000:00:07.1: PCI bridge to [bus 2c]
Jun 15 09:22:49 fedora kernel: pci 0000:00:08.1: PCI bridge to [bus 2d]
Jun 15 09:22:49 fedora kernel: pci 0000:00:08.1:   bridge window [mem 0xfc700000-0xfc9fffff]
Jun 15 09:22:49 fedora kernel: pci_bus 0000:00: resource 4 [io  0x0000-0x03af window]
Jun 15 09:22:49 fedora kernel: pci_bus 0000:00: resource 5 [io  0x03e0-0x0cf7 window]
Jun 15 09:22:49 fedora kernel: pci_bus 0000:00: resource 6 [io  0x03b0-0x03df window]
Jun 15 09:22:49 fedora kernel: pci_bus 0000:00: resource 7 [io  0x0d00-0xffff window]
Jun 15 09:22:49 fedora kernel: pci_bus 0000:00: resource 8 [mem 0x000a0000-0x000dffff window]
Jun 15 09:22:49 fedora kernel: pci_bus 0000:00: resource 9 [mem 0xc0000000-0xfcffffff window]
Jun 15 09:22:49 fedora kernel: pci_bus 0000:00: resource 10 [mem 0x840000000-0x7fffffffff window]
Jun 15 09:22:49 fedora kernel: pci_bus 0000:01: resource 1 [mem 0xfcf00000-0xfcffffff]
Jun 15 09:22:49 fedora kernel: pci_bus 0000:03: resource 0 [io  0xf000-0xffff]
Jun 15 09:22:49 fedora kernel: pci_bus 0000:03: resource 1 [mem 0xfcd00000-0xfcefffff]
Jun 15 09:22:49 fedora kernel: pci_bus 0000:20: resource 0 [io  0xf000-0xffff]
Jun 15 09:22:49 fedora kernel: pci_bus 0000:20: resource 1 [mem 0xfcd00000-0xfcdfffff]
Jun 15 09:22:49 fedora kernel: pci_bus 0000:25: resource 0 [io  0xf000-0xffff]
Jun 15 09:22:49 fedora kernel: pci_bus 0000:25: resource 1 [mem 0xfcd00000-0xfcdfffff]
Jun 15 09:22:49 fedora kernel: pci_bus 0000:29: resource 0 [io  0xe000-0xefff]
Jun 15 09:22:49 fedora kernel: pci_bus 0000:29: resource 1 [mem 0xfca00000-0xfccfffff]
Jun 15 09:22:49 fedora kernel: pci_bus 0000:29: resource 2 [mem 0x7800000000-0x7c0fffffff 64bit pref]
Jun 15 09:22:49 fedora kernel: pci_bus 0000:2a: resource 0 [io  0xe000-0xefff]
Jun 15 09:22:49 fedora kernel: pci_bus 0000:2a: resource 1 [mem 0xfca00000-0xfcbfffff]
Jun 15 09:22:49 fedora kernel: pci_bus 0000:2a: resource 2 [mem 0x7800000000-0x7c0fffffff 64bit pref]
Jun 15 09:22:49 fedora kernel: pci_bus 0000:2b: resource 0 [io  0xe000-0xefff]
Jun 15 09:22:49 fedora kernel: pci_bus 0000:2b: resource 1 [mem 0xfca00000-0xfcbfffff]
Jun 15 09:22:49 fedora kernel: pci_bus 0000:2b: resource 2 [mem 0x7800000000-0x7c0fffffff 64bit pref]
Jun 15 09:22:49 fedora kernel: pci_bus 0000:2d: resource 1 [mem 0xfc700000-0xfc9fffff]
Jun 15 09:22:49 fedora kernel: pci 0000:2b:00.1: D0 power state depends on 0000:2b:00.0
Jun 15 09:22:49 fedora kernel: PCI: CLS 64 bytes, default 64
Jun 15 09:22:49 fedora kernel: pci 0000:00:00.2: AMD-Vi: IOMMU performance counters supported
Jun 15 09:22:49 fedora kernel: pci 0000:00:01.0: Adding to iommu group 0
Jun 15 09:22:49 fedora kernel: Trying to unpack rootfs image as initramfs...
Jun 15 09:22:49 fedora kernel: pci 0000:00:01.1: Adding to iommu group 1
Jun 15 09:22:49 fedora kernel: pci 0000:00:01.3: Adding to iommu group 2
Jun 15 09:22:49 fedora kernel: pci 0000:00:02.0: Adding to iommu group 3
Jun 15 09:22:49 fedora kernel: pci 0000:00:03.0: Adding to iommu group 4
Jun 15 09:22:49 fedora kernel: pci 0000:00:03.1: Adding to iommu group 5
Jun 15 09:22:49 fedora kernel: pci 0000:00:04.0: Adding to iommu group 6
Jun 15 09:22:49 fedora kernel: pci 0000:00:05.0: Adding to iommu group 7
Jun 15 09:22:49 fedora kernel: pci 0000:00:07.0: Adding to iommu group 8
Jun 15 09:22:49 fedora kernel: pci 0000:00:07.1: Adding to iommu group 9
Jun 15 09:22:49 fedora kernel: pci 0000:00:08.0: Adding to iommu group 10
Jun 15 09:22:49 fedora kernel: pci 0000:00:08.1: Adding to iommu group 11
Jun 15 09:22:49 fedora kernel: pci 0000:00:14.0: Adding to iommu group 12
Jun 15 09:22:49 fedora kernel: pci 0000:00:14.3: Adding to iommu group 12
Jun 15 09:22:49 fedora kernel: pci 0000:00:18.0: Adding to iommu group 13
Jun 15 09:22:49 fedora kernel: pci 0000:00:18.1: Adding to iommu group 13
Jun 15 09:22:49 fedora kernel: pci 0000:00:18.2: Adding to iommu group 13
Jun 15 09:22:49 fedora kernel: pci 0000:00:18.3: Adding to iommu group 13
Jun 15 09:22:49 fedora kernel: pci 0000:00:18.4: Adding to iommu group 13
Jun 15 09:22:49 fedora kernel: pci 0000:00:18.5: Adding to iommu group 13
Jun 15 09:22:49 fedora kernel: pci 0000:00:18.6: Adding to iommu group 13
Jun 15 09:22:49 fedora kernel: pci 0000:00:18.7: Adding to iommu group 13
Jun 15 09:22:49 fedora kernel: pci 0000:01:00.0: Adding to iommu group 14
Jun 15 09:22:49 fedora kernel: pci 0000:03:00.0: Adding to iommu group 15
Jun 15 09:22:49 fedora kernel: pci 0000:03:00.1: Adding to iommu group 15
Jun 15 09:22:49 fedora kernel: pci 0000:03:00.2: Adding to iommu group 15
Jun 15 09:22:49 fedora kernel: pci 0000:20:04.0: Adding to iommu group 15
Jun 15 09:22:49 fedora kernel: pci 0000:20:05.0: Adding to iommu group 15
Jun 15 09:22:49 fedora kernel: pci 0000:20:06.0: Adding to iommu group 15
Jun 15 09:22:49 fedora kernel: pci 0000:20:07.0: Adding to iommu group 15
Jun 15 09:22:49 fedora kernel: pci 0000:25:00.0: Adding to iommu group 15
Jun 15 09:22:49 fedora kernel: pci 0000:29:00.0: Adding to iommu group 16
Jun 15 09:22:49 fedora kernel: pci 0000:2a:00.0: Adding to iommu group 17
Jun 15 09:22:49 fedora kernel: pci 0000:2b:00.0: Adding to iommu group 18
Jun 15 09:22:49 fedora kernel: pci 0000:2b:00.1: Adding to iommu group 19
Jun 15 09:22:49 fedora kernel: pci 0000:2c:00.0: Adding to iommu group 20
Jun 15 09:22:49 fedora kernel: pci 0000:2d:00.0: Adding to iommu group 21
Jun 15 09:22:49 fedora kernel: pci 0000:2d:00.1: Adding to iommu group 22
Jun 15 09:22:49 fedora kernel: pci 0000:2d:00.3: Adding to iommu group 23
Jun 15 09:22:49 fedora kernel: pci 0000:2d:00.4: Adding to iommu group 24
Jun 15 09:22:49 fedora kernel: AMD-Vi: Extended features (0x58f77ef22294a5a, 0x0): PPR NX GT IA PC GA_vAPIC
Jun 15 09:22:49 fedora kernel: AMD-Vi: Interrupt remapping enabled
Jun 15 09:22:49 fedora kernel: PCI-DMA: Using software bounce buffering for IO (SWIOTLB)
Jun 15 09:22:49 fedora kernel: software IO TLB: mapped [mem 0x00000000afada000-0x00000000b3ada000] (64MB)
Jun 15 09:22:49 fedora kernel: LVT offset 0 assigned for vector 0x400
Jun 15 09:22:49 fedora kernel: perf: AMD IBS detected (0x000003ff)
Jun 15 09:22:49 fedora kernel: amd_uncore: 4 amd_df counters detected
Jun 15 09:22:49 fedora kernel: amd_uncore: 6 amd_l3 counters detected
Jun 15 09:22:49 fedora kernel: perf/amd_iommu: Detected AMD IOMMU #0 (2 banks, 4 counters/bank).
Jun 15 09:22:49 fedora kernel: Initialise system trusted keyrings
Jun 15 09:22:49 fedora kernel: Key type blacklist registered
Jun 15 09:22:49 fedora kernel: workingset: timestamp_bits=36 max_order=23 bucket_order=0
Jun 15 09:22:49 fedora kernel: zbud: loaded
Jun 15 09:22:49 fedora kernel: integrity: Platform Keyring initialized
Jun 15 09:22:49 fedora kernel: integrity: Machine keyring initialized
Jun 15 09:22:49 fedora kernel: NET: Registered PF_ALG protocol family
Jun 15 09:22:49 fedora kernel: xor: automatically using best checksumming function   avx       
Jun 15 09:22:49 fedora kernel: Key type asymmetric registered
Jun 15 09:22:49 fedora kernel: Asymmetric key parser 'x509' registered
Jun 15 09:22:49 fedora kernel: Freeing initrd memory: 46640K
Jun 15 09:22:49 fedora kernel: Block layer SCSI generic (bsg) driver version 0.4 loaded (major 245)
Jun 15 09:22:49 fedora kernel: io scheduler mq-deadline registered
Jun 15 09:22:49 fedora kernel: io scheduler kyber registered
Jun 15 09:22:49 fedora kernel: io scheduler bfq registered
Jun 15 09:22:49 fedora kernel: atomic64_test: passed for x86-64 platform with CX8 and with SSE
Jun 15 09:22:49 fedora kernel: pcieport 0000:00:01.1: PME: Signaling with IRQ 27
Jun 15 09:22:49 fedora kernel: pcieport 0000:00:01.1: AER: enabled with IRQ 27
Jun 15 09:22:49 fedora kernel: pcieport 0000:00:01.3: PME: Signaling with IRQ 28
Jun 15 09:22:49 fedora kernel: pcieport 0000:00:01.3: AER: enabled with IRQ 28
Jun 15 09:22:49 fedora kernel: pcieport 0000:00:03.1: PME: Signaling with IRQ 29
Jun 15 09:22:49 fedora kernel: pcieport 0000:00:03.1: AER: enabled with IRQ 29
Jun 15 09:22:49 fedora kernel: pcieport 0000:00:07.1: PME: Signaling with IRQ 31
Jun 15 09:22:49 fedora kernel: pcieport 0000:00:07.1: AER: enabled with IRQ 31
Jun 15 09:22:49 fedora kernel: pcieport 0000:00:08.1: PME: Signaling with IRQ 32
Jun 15 09:22:49 fedora kernel: pcieport 0000:00:08.1: AER: enabled with IRQ 32
Jun 15 09:22:49 fedora kernel: shpchp: Standard Hot Plug PCI Controller Driver version: 0.4
Jun 15 09:22:49 fedora kernel: input: Power Button as /devices/LNXSYSTM:00/LNXSYBUS:00/PNP0C0C:00/input/input0
Jun 15 09:22:49 fedora kernel: ACPI: button: Power Button [PWRB]
Jun 15 09:22:49 fedora kernel: input: Power Button as /devices/LNXSYSTM:00/LNXPWRBN:00/input/input1
Jun 15 09:22:49 fedora kernel: ACPI: button: Power Button [PWRF]
Jun 15 09:22:49 fedora kernel: Estimated ratio of average max frequency by base frequency (times 1024): 1098
Jun 15 09:22:49 fedora kernel: Monitor-Mwait will be used to enter C-1 state
Jun 15 09:22:49 fedora kernel: ACPI: \_PR_.C000: Found 2 idle states
Jun 15 09:22:49 fedora kernel: ACPI: \_PR_.C001: Found 2 idle states
Jun 15 09:22:49 fedora kernel: ACPI: \_PR_.C002: Found 2 idle states
Jun 15 09:22:49 fedora kernel: ACPI: \_PR_.C003: Found 2 idle states
Jun 15 09:22:49 fedora kernel: ACPI: \_PR_.C004: Found 2 idle states
Jun 15 09:22:49 fedora kernel: ACPI: \_PR_.C005: Found 2 idle states
Jun 15 09:22:49 fedora kernel: Serial: 8250/16550 driver, 32 ports, IRQ sharing enabled
Jun 15 09:22:49 fedora kernel: 00:04: ttyS0 at I/O 0x3f8 (irq = 4, base_baud = 115200) is a 16550A
Jun 15 09:22:49 fedora kernel: Non-volatile memory driver v1.3
Jun 15 09:22:49 fedora kernel: Linux agpgart interface v0.103
Jun 15 09:22:49 fedora kernel: tpm_crb MSFT0101:00: Disabling hwrng
Jun 15 09:22:49 fedora kernel: ACPI: bus type drm_connector registered
Jun 15 09:22:49 fedora kernel: ahci 0000:03:00.1: version 3.0
Jun 15 09:22:49 fedora kernel: ahci 0000:03:00.1: SSS flag set, parallel bus scan disabled
Jun 15 09:22:49 fedora kernel: ahci 0000:03:00.1: AHCI 0001.0301 32 slots 8 ports 6 Gbps 0x33 impl SATA mode
Jun 15 09:22:49 fedora kernel: ahci 0000:03:00.1: flags: 64bit ncq sntf stag pm led clo only pmp pio slum part sxs deso sadm sds apst 
Jun 15 09:22:49 fedora kernel: scsi host0: ahci
Jun 15 09:22:49 fedora kernel: scsi host1: ahci
Jun 15 09:22:49 fedora kernel: scsi host2: ahci
Jun 15 09:22:49 fedora kernel: scsi host3: ahci
Jun 15 09:22:49 fedora kernel: scsi host4: ahci
Jun 15 09:22:49 fedora kernel: scsi host5: ahci
Jun 15 09:22:49 fedora kernel: scsi host6: ahci
Jun 15 09:22:49 fedora kernel: scsi host7: ahci
Jun 15 09:22:49 fedora kernel: ata1: SATA max UDMA/133 abar m131072@0xfce80000 port 0xfce80100 irq 41 lpm-pol 0
Jun 15 09:22:49 fedora kernel: ata2: SATA max UDMA/133 abar m131072@0xfce80000 port 0xfce80180 irq 41 lpm-pol 0
Jun 15 09:22:49 fedora kernel: ata3: DUMMY
Jun 15 09:22:49 fedora kernel: ata4: DUMMY
Jun 15 09:22:49 fedora kernel: ata5: SATA max UDMA/133 abar m131072@0xfce80000 port 0xfce80300 irq 41 lpm-pol 0
Jun 15 09:22:49 fedora kernel: ata6: SATA max UDMA/133 abar m131072@0xfce80000 port 0xfce80380 irq 41 lpm-pol 0
Jun 15 09:22:49 fedora kernel: ata7: DUMMY
Jun 15 09:22:49 fedora kernel: ata8: DUMMY
Jun 15 09:22:49 fedora kernel: xhci_hcd 0000:03:00.0: xHCI Host Controller
Jun 15 09:22:49 fedora kernel: xhci_hcd 0000:03:00.0: new USB bus registered, assigned bus number 1
Jun 15 09:22:49 fedora kernel: xhci_hcd 0000:03:00.0: hcc params 0x0200ef81 hci version 0x110 quirks 0x0000000008000410
Jun 15 09:22:49 fedora kernel: xhci_hcd 0000:03:00.0: xHCI Host Controller
Jun 15 09:22:49 fedora kernel: xhci_hcd 0000:03:00.0: new USB bus registered, assigned bus number 2
Jun 15 09:22:49 fedora kernel: xhci_hcd 0000:03:00.0: Host supports USB 3.1 Enhanced SuperSpeed
Jun 15 09:22:49 fedora kernel: usb usb1: New USB device found, idVendor=1d6b, idProduct=0002, bcdDevice= 6.08
Jun 15 09:22:49 fedora kernel: usb usb1: New USB device strings: Mfr=3, Product=2, SerialNumber=1
Jun 15 09:22:49 fedora kernel: usb usb1: Product: xHCI Host Controller
Jun 15 09:22:49 fedora kernel: usb usb1: Manufacturer: Linux 6.8.11-300.fc40.x86_64 xhci-hcd
Jun 15 09:22:49 fedora kernel: usb usb1: SerialNumber: 0000:03:00.0
Jun 15 09:22:49 fedora kernel: hub 1-0:1.0: USB hub found
Jun 15 09:22:49 fedora kernel: hub 1-0:1.0: 9 ports detected
Jun 15 09:22:49 fedora kernel: usb usb2: We don't know the algorithms for LPM for this host, disabling LPM.
Jun 15 09:22:49 fedora kernel: usb usb2: New USB device found, idVendor=1d6b, idProduct=0003, bcdDevice= 6.08
Jun 15 09:22:49 fedora kernel: usb usb2: New USB device strings: Mfr=3, Product=2, SerialNumber=1
Jun 15 09:22:49 fedora kernel: usb usb2: Product: xHCI Host Controller
Jun 15 09:22:49 fedora kernel: usb usb2: Manufacturer: Linux 6.8.11-300.fc40.x86_64 xhci-hcd
Jun 15 09:22:49 fedora kernel: usb usb2: SerialNumber: 0000:03:00.0
Jun 15 09:22:49 fedora kernel: hub 2-0:1.0: USB hub found
Jun 15 09:22:49 fedora kernel: hub 2-0:1.0: 3 ports detected
Jun 15 09:22:49 fedora kernel: xhci_hcd 0000:2d:00.3: xHCI Host Controller
Jun 15 09:22:49 fedora kernel: xhci_hcd 0000:2d:00.3: new USB bus registered, assigned bus number 3
Jun 15 09:22:49 fedora kernel: xhci_hcd 0000:2d:00.3: hcc params 0x0278ffe5 hci version 0x110 quirks 0x0000000000000410
Jun 15 09:22:49 fedora kernel: xhci_hcd 0000:2d:00.3: xHCI Host Controller
Jun 15 09:22:49 fedora kernel: xhci_hcd 0000:2d:00.3: new USB bus registered, assigned bus number 4
Jun 15 09:22:49 fedora kernel: xhci_hcd 0000:2d:00.3: Host supports USB 3.1 Enhanced SuperSpeed
Jun 15 09:22:49 fedora kernel: usb usb3: New USB device found, idVendor=1d6b, idProduct=0002, bcdDevice= 6.08
Jun 15 09:22:49 fedora kernel: usb usb3: New USB device strings: Mfr=3, Product=2, SerialNumber=1
Jun 15 09:22:49 fedora kernel: usb usb3: Product: xHCI Host Controller
Jun 15 09:22:49 fedora kernel: usb usb3: Manufacturer: Linux 6.8.11-300.fc40.x86_64 xhci-hcd
Jun 15 09:22:49 fedora kernel: usb usb3: SerialNumber: 0000:2d:00.3
Jun 15 09:22:49 fedora kernel: hub 3-0:1.0: USB hub found
Jun 15 09:22:49 fedora kernel: hub 3-0:1.0: 4 ports detected
Jun 15 09:22:49 fedora kernel: usb usb4: We don't know the algorithms for LPM for this host, disabling LPM.
Jun 15 09:22:49 fedora kernel: usb usb4: New USB device found, idVendor=1d6b, idProduct=0003, bcdDevice= 6.08
Jun 15 09:22:49 fedora kernel: usb usb4: New USB device strings: Mfr=3, Product=2, SerialNumber=1
Jun 15 09:22:49 fedora kernel: usb usb4: Product: xHCI Host Controller
Jun 15 09:22:49 fedora kernel: usb usb4: Manufacturer: Linux 6.8.11-300.fc40.x86_64 xhci-hcd
Jun 15 09:22:49 fedora kernel: usb usb4: SerialNumber: 0000:2d:00.3
Jun 15 09:22:49 fedora kernel: hub 4-0:1.0: USB hub found
Jun 15 09:22:49 fedora kernel: hub 4-0:1.0: 4 ports detected
Jun 15 09:22:49 fedora kernel: usbcore: registered new interface driver usbserial_generic
Jun 15 09:22:49 fedora kernel: usbserial: USB Serial support registered for generic
Jun 15 09:22:49 fedora kernel: i8042: PNP: No PS/2 controller found.
Jun 15 09:22:49 fedora kernel: mousedev: PS/2 mouse device common for all mice
Jun 15 09:22:49 fedora kernel: rtc_cmos 00:02: RTC can wake from S4
Jun 15 09:22:49 fedora kernel: rtc_cmos 00:02: registered as rtc0
Jun 15 09:22:49 fedora kernel: rtc_cmos 00:02: setting system clock to 2024-06-15T03:52:47 UTC (1718423567)
Jun 15 09:22:49 fedora kernel: rtc_cmos 00:02: alarms up to one month, y3k, 114 bytes nvram
Jun 15 09:22:49 fedora kernel: device-mapper: core: CONFIG_IMA_DISABLE_HTABLE is disabled. Duplicate IMA measurements will not be recorded in the IMA log.
Jun 15 09:22:49 fedora kernel: device-mapper: uevent: version 1.0.3
Jun 15 09:22:49 fedora kernel: device-mapper: ioctl: 4.48.0-ioctl (2023-03-01) initialised: dm-devel@redhat.com
Jun 15 09:22:49 fedora kernel: amd_pstate: driver load is disabled, boot with specific mode to enable this
Jun 15 09:22:49 fedora kernel: [drm] Initialized simpledrm 1.0.0 20200625 for simple-framebuffer.0 on minor 0
Jun 15 09:22:49 fedora kernel: fbcon: Deferring console take-over
Jun 15 09:22:49 fedora kernel: simple-framebuffer simple-framebuffer.0: [drm] fb0: simpledrmdrmfb frame buffer device
Jun 15 09:22:49 fedora kernel: hid: raw HID events driver (C) Jiri Kosina
Jun 15 09:22:49 fedora kernel: usbcore: registered new interface driver usbhid
Jun 15 09:22:49 fedora kernel: usbhid: USB HID core driver
Jun 15 09:22:49 fedora kernel: drop_monitor: Initializing network drop monitor service
Jun 15 09:22:49 fedora kernel: Initializing XFRM netlink socket
Jun 15 09:22:49 fedora kernel: NET: Registered PF_INET6 protocol family
Jun 15 09:22:49 fedora kernel: Segment Routing with IPv6
Jun 15 09:22:49 fedora kernel: RPL Segment Routing with IPv6
Jun 15 09:22:49 fedora kernel: In-situ OAM (IOAM) with IPv6
Jun 15 09:22:49 fedora kernel: mip6: Mobile IPv6
Jun 15 09:22:49 fedora kernel: NET: Registered PF_PACKET protocol family
Jun 15 09:22:49 fedora kernel: microcode: Current revision: 0x08701030
Jun 15 09:22:49 fedora kernel: resctrl: L3 allocation detected
Jun 15 09:22:49 fedora kernel: resctrl: MB allocation detected
Jun 15 09:22:49 fedora kernel: resctrl: L3 monitoring detected
Jun 15 09:22:49 fedora kernel: IPI shorthand broadcast: enabled
Jun 15 09:22:49 fedora kernel: AVX2 version of gcm_enc/dec engaged.
Jun 15 09:22:49 fedora kernel: AES CTR mode by8 optimization enabled
Jun 15 09:22:49 fedora kernel: sched_clock: Marking stable (697865538, 316329793)->(1020915809, -6720478)
Jun 15 09:22:49 fedora kernel: registered taskstats version 1
Jun 15 09:22:49 fedora kernel: Loading compiled-in X.509 certificates
Jun 15 09:22:49 fedora kernel: Loaded X.509 cert 'Fedora kernel signing key: b229b10024a453ea46a0c3d60f5091ff3939fe7f'
Jun 15 09:22:49 fedora kernel: page_owner is disabled
Jun 15 09:22:49 fedora kernel: Key type .fscrypt registered
Jun 15 09:22:49 fedora kernel: Key type fscrypt-provisioning registered
Jun 15 09:22:49 fedora kernel: Btrfs loaded, zoned=yes, fsverity=yes
Jun 15 09:22:49 fedora kernel: Key type big_key registered
Jun 15 09:22:49 fedora kernel: Key type trusted registered
Jun 15 09:22:49 fedora kernel: Key type encrypted registered
Jun 15 09:22:49 fedora kernel: integrity: Loading X.509 certificate: UEFI:db
Jun 15 09:22:49 fedora kernel: integrity: Loaded X.509 cert 'Microsoft Corporation UEFI CA 2011: 13adbf4309bd82709c8cd54f316ed522988a1bd4'
Jun 15 09:22:49 fedora kernel: integrity: Loading X.509 certificate: UEFI:db
Jun 15 09:22:49 fedora kernel: integrity: Loaded X.509 cert 'Microsoft Windows Production PCA 2011: a92902398e16c49778cd90f99e4f9ae17c55af53'
Jun 15 09:22:49 fedora kernel: integrity: Loading X.509 certificate: UEFI:db
Jun 15 09:22:49 fedora kernel: integrity: Loaded X.509 cert 'Microsoft Corporation: Windows UEFI CA 2023: aefc5fbbbe055d8f8daa585473499417ab5a5272'
Jun 15 09:22:49 fedora kernel: integrity: Loading X.509 certificate: UEFI:db
Jun 15 09:22:49 fedora kernel: integrity: Loaded X.509 cert 'Microsoft UEFI CA 2023: 81aa6b3244c935bce0d6628af39827421e32497d'
Jun 15 09:22:49 fedora kernel: integrity: Loading X.509 certificate: UEFI:db
Jun 15 09:22:49 fedora kernel: integrity: Loaded X.509 cert 'MSI SHIP DB: ebc30d5be5f35f8041c1c2d9e613eee2'
Jun 15 09:22:49 fedora kernel: integrity: Loading X.509 certificate: UEFI:MokListRT (MOKvar table)
Jun 15 09:22:49 fedora kernel: integrity: Loading X.509 certificate: UEFI:MokListRT (MOKvar table)
Jun 15 09:22:49 fedora kernel: integrity: Loaded X.509 cert 'Red Hat, Inc.: fedoraca: b280c7ae6b884e0f4d2a0d8724c25eaf6c65c326'
Jun 15 09:22:49 fedora kernel: integrity: Loading X.509 certificate: UEFI:MokListRT (MOKvar table)
Jun 15 09:22:49 fedora kernel: integrity: Loading X.509 certificate: UEFI:MokListRT (MOKvar table)
Jun 15 09:22:49 fedora kernel: integrity: Loaded X.509 cert 'grub: d939395cda059c19a699c85f3856d023be259007'
Jun 15 09:22:49 fedora kernel: Loading compiled-in module X.509 certificates
Jun 15 09:22:49 fedora kernel: Loaded X.509 cert 'Fedora kernel signing key: b229b10024a453ea46a0c3d60f5091ff3939fe7f'
Jun 15 09:22:49 fedora kernel: ima: Allocated hash algorithm: sha256
Jun 15 09:22:49 fedora kernel: audit: type=1807 audit(1718423567.570:2): action=measure func=KEXEC_KERNEL_CHECK res=1
Jun 15 09:22:49 fedora kernel: audit: type=1807 audit(1718423567.570:3): action=appraise func=POLICY_CHECK appraise_type=imasig res=1
Jun 15 09:22:49 fedora kernel: audit: type=1807 audit(1718423567.570:4): action=measure func=MODULE_CHECK res=1
Jun 15 09:22:49 fedora kernel: evm: Initialising EVM extended attributes:
Jun 15 09:22:49 fedora kernel: evm: security.selinux
Jun 15 09:22:49 fedora kernel: evm: security.SMACK64 (disabled)
Jun 15 09:22:49 fedora kernel: evm: security.SMACK64EXEC (disabled)
Jun 15 09:22:49 fedora kernel: evm: security.SMACK64TRANSMUTE (disabled)
Jun 15 09:22:49 fedora kernel: evm: security.SMACK64MMAP (disabled)
Jun 15 09:22:49 fedora kernel: evm: security.apparmor (disabled)
Jun 15 09:22:49 fedora kernel: evm: security.ima
Jun 15 09:22:49 fedora kernel: evm: security.capability
Jun 15 09:22:49 fedora kernel: evm: HMAC attrs: 0x1
Jun 15 09:22:49 fedora kernel: alg: No test for 842 (842-scomp)
Jun 15 09:22:49 fedora kernel: alg: No test for 842 (842-generic)
Jun 15 09:22:49 fedora kernel: PM:   Magic number: 12:780:866
Jun 15 09:22:49 fedora kernel: RAS: Correctable Errors collector initialized.
Jun 15 09:22:49 fedora kernel: Lockdown: swapper/0: hibernation is restricted; see man kernel_lockdown.7
Jun 15 09:22:49 fedora kernel: clk: Disabling unused clocks
Jun 15 09:22:49 fedora kernel: usb 1-5: new high-speed USB device number 2 using xhci_hcd
Jun 15 09:22:49 fedora kernel: usb 3-4: new high-speed USB device number 2 using xhci_hcd
Jun 15 09:22:49 fedora kernel: ata1: SATA link down (SStatus 0 SControl 300)
Jun 15 09:22:49 fedora kernel: usb 3-4: New USB device found, idVendor=214b, idProduct=7250, bcdDevice= 1.00
Jun 15 09:22:49 fedora kernel: usb 3-4: New USB device strings: Mfr=0, Product=1, SerialNumber=0
Jun 15 09:22:49 fedora kernel: usb 3-4: Product: USB2.0 HUB
Jun 15 09:22:49 fedora kernel: hub 3-4:1.0: USB hub found
Jun 15 09:22:49 fedora kernel: hub 3-4:1.0: 4 ports detected
Jun 15 09:22:49 fedora kernel: usb 4-1: new SuperSpeed USB device number 2 using xhci_hcd
Jun 15 09:22:49 fedora kernel: usb 4-1: New USB device found, idVendor=174c, idProduct=55aa, bcdDevice= 1.00
Jun 15 09:22:49 fedora kernel: usb 4-1: New USB device strings: Mfr=2, Product=3, SerialNumber=1
Jun 15 09:22:49 fedora kernel: usb 4-1: Product: Best USB Device
Jun 15 09:22:49 fedora kernel: usb 4-1: Manufacturer: ULT-Best
Jun 15 09:22:49 fedora kernel: usb 4-1: SerialNumber: 04191226048C
Jun 15 09:22:49 fedora kernel: ata2: SATA link down (SStatus 0 SControl 300)
Jun 15 09:22:49 fedora kernel: usb 3-4.1: new full-speed USB device number 3 using xhci_hcd
Jun 15 09:22:49 fedora kernel: tsc: Refined TSC clocksource calibration: 3599.997 MHz
Jun 15 09:22:49 fedora kernel: clocksource: tsc: mask: 0xffffffffffffffff max_cycles: 0x33e4505a81e, max_idle_ns: 440795320847 ns
Jun 15 09:22:49 fedora kernel: clocksource: Switched to clocksource tsc
Jun 15 09:22:49 fedora kernel: usb 1-5: New USB device found, idVendor=0bda, idProduct=4c07, bcdDevice= 0.03
Jun 15 09:22:49 fedora kernel: usb 1-5: New USB device strings: Mfr=3, Product=1, SerialNumber=2
Jun 15 09:22:49 fedora kernel: usb 1-5: Product: USB Condenser Microphone
Jun 15 09:22:49 fedora kernel: usb 1-5: Manufacturer: Generic
Jun 15 09:22:49 fedora kernel: usb 1-5: SerialNumber: 201701110001
Jun 15 09:22:49 fedora kernel: usb 3-4.1: New USB device found, idVendor=062a, idProduct=38b3, bcdDevice= 2.10
Jun 15 09:22:49 fedora kernel: usb 3-4.1: New USB device strings: Mfr=1, Product=2, SerialNumber=0
Jun 15 09:22:49 fedora kernel: usb 3-4.1: Product: USB 2.4G Keyboard
Jun 15 09:22:49 fedora kernel: usb 3-4.1: Manufacturer: MosArt
Jun 15 09:22:49 fedora kernel: input: Generic USB Condenser Microphone as /devices/pci0000:00/0000:00:01.3/0000:03:00.0/usb1/1-5/1-5:1.2/0003:0BDA:4C07.0001/input/input2
Jun 15 09:22:49 fedora kernel: hid-generic 0003:0BDA:4C07.0001: input,hidraw0: USB HID v1.11 Device [Generic USB Condenser Microphone] on usb-0000:03:00.0-5/input2
Jun 15 09:22:49 fedora kernel: input: MosArt USB 2.4G Keyboard as /devices/pci0000:00/0000:00:08.1/0000:2d:00.3/usb3/3-4/3-4.1/3-4.1:1.0/0003:062A:38B3.0002/input/input3
Jun 15 09:22:49 fedora kernel: hid-generic 0003:062A:38B3.0002: input,hidraw1: USB HID v1.11 Keyboard [MosArt USB 2.4G Keyboard] on usb-0000:2d:00.3-4.1/input0
Jun 15 09:22:49 fedora kernel: input: MosArt USB 2.4G Keyboard Mouse as /devices/pci0000:00/0000:00:08.1/0000:2d:00.3/usb3/3-4/3-4.1/3-4.1:1.1/0003:062A:38B3.0003/input/input4
Jun 15 09:22:49 fedora kernel: input: MosArt USB 2.4G Keyboard Consumer Control as /devices/pci0000:00/0000:00:08.1/0000:2d:00.3/usb3/3-4/3-4.1/3-4.1:1.1/0003:062A:38B3.0003/input/input5
Jun 15 09:22:49 fedora kernel: input: MosArt USB 2.4G Keyboard System Control as /devices/pci0000:00/0000:00:08.1/0000:2d:00.3/usb3/3-4/3-4.1/3-4.1:1.1/0003:062A:38B3.0003/input/input6
Jun 15 09:22:49 fedora kernel: input: MosArt USB 2.4G Keyboard as /devices/pci0000:00/0000:00:08.1/0000:2d:00.3/usb3/3-4/3-4.1/3-4.1:1.1/0003:062A:38B3.0003/input/input7
Jun 15 09:22:49 fedora kernel: hid-generic 0003:062A:38B3.0003: input,hiddev96,hidraw2: USB HID v1.11 Mouse [MosArt USB 2.4G Keyboard] on usb-0000:2d:00.3-4.1/input1
Jun 15 09:22:49 fedora kernel: ata5: SATA link up 6.0 Gbps (SStatus 133 SControl 300)
Jun 15 09:22:49 fedora kernel: ata5.00: LPM support broken, forcing max_power
Jun 15 09:22:49 fedora kernel: ata5.00: ATA-8: ST1000LM024 HN-M101MBB, 2BA30001, max UDMA/100
Jun 15 09:22:49 fedora kernel: ata5.00: 1953525168 sectors, multi 16: LBA48 NCQ (depth 32)
Jun 15 09:22:49 fedora kernel: ata5.00: LPM support broken, forcing max_power
Jun 15 09:22:49 fedora kernel: ata5.00: configured for UDMA/100
Jun 15 09:22:49 fedora kernel: usb 3-4.2: new full-speed USB device number 4 using xhci_hcd
Jun 15 09:22:49 fedora kernel: scsi 4:0:0:0: Direct-Access     ATA      ST1000LM024 HN-M 0001 PQ: 0 ANSI: 5
Jun 15 09:22:49 fedora kernel: sd 4:0:0:0: Attached scsi generic sg0 type 0
Jun 15 09:22:49 fedora kernel: sd 4:0:0:0: [sda] 1953525168 512-byte logical blocks: (1.00 TB/932 GiB)
Jun 15 09:22:49 fedora kernel: sd 4:0:0:0: [sda] 4096-byte physical blocks
Jun 15 09:22:49 fedora kernel: sd 4:0:0:0: [sda] Write Protect is off
Jun 15 09:22:49 fedora kernel: sd 4:0:0:0: [sda] Mode Sense: 00 3a 00 00
Jun 15 09:22:49 fedora kernel: sd 4:0:0:0: [sda] Write cache: enabled, read cache: enabled, doesn't support DPO or FUA
Jun 15 09:22:49 fedora kernel: sd 4:0:0:0: [sda] Preferred minimum I/O size 4096 bytes
Jun 15 09:22:49 fedora kernel: usb 3-4.2: New USB device found, idVendor=0a12, idProduct=0001, bcdDevice=88.91
Jun 15 09:22:49 fedora kernel: usb 3-4.2: New USB device strings: Mfr=0, Product=0, SerialNumber=0
Jun 15 09:22:49 fedora kernel: usb 3-4.4: new full-speed USB device number 5 using xhci_hcd
Jun 15 09:22:49 fedora kernel: usb 3-4.4: New USB device found, idVendor=046d, idProduct=c53f, bcdDevice=44.01
Jun 15 09:22:49 fedora kernel: usb 3-4.4: New USB device strings: Mfr=1, Product=2, SerialNumber=0
Jun 15 09:22:49 fedora kernel: usb 3-4.4: Product: USB Receiver
Jun 15 09:22:49 fedora kernel: usb 3-4.4: Manufacturer: Logitech
Jun 15 09:22:49 fedora kernel:  sda: sda1
Jun 15 09:22:49 fedora kernel: sd 4:0:0:0: [sda] Attached SCSI disk
Jun 15 09:22:49 fedora kernel: input: Logitech USB Receiver as /devices/pci0000:00/0000:00:08.1/0000:2d:00.3/usb3/3-4/3-4.4/3-4.4:1.0/0003:046D:C53F.0004/input/input8
Jun 15 09:22:49 fedora kernel: ata6: SATA link up 6.0 Gbps (SStatus 133 SControl 300)
Jun 15 09:22:49 fedora kernel: ata6.00: ATA-9: CT240BX500SSD1,  M6CR013, max UDMA/133
Jun 15 09:22:49 fedora kernel: ata6.00: 468862128 sectors, multi 1: LBA48 NCQ (depth 32), AA
Jun 15 09:22:49 fedora kernel: ata6.00: Features: Dev-Sleep
Jun 15 09:22:49 fedora kernel: ata6.00: configured for UDMA/133
Jun 15 09:22:49 fedora kernel: scsi 5:0:0:0: Direct-Access     ATA      CT240BX500SSD1   R013 PQ: 0 ANSI: 5
Jun 15 09:22:49 fedora kernel: sd 5:0:0:0: Attached scsi generic sg1 type 0
Jun 15 09:22:49 fedora kernel: sd 5:0:0:0: [sdb] 468862128 512-byte logical blocks: (240 GB/224 GiB)
Jun 15 09:22:49 fedora kernel: sd 5:0:0:0: [sdb] Write Protect is off
Jun 15 09:22:49 fedora kernel: sd 5:0:0:0: [sdb] Mode Sense: 00 3a 00 00
Jun 15 09:22:49 fedora kernel: sd 5:0:0:0: [sdb] Write cache: enabled, read cache: enabled, doesn't support DPO or FUA
Jun 15 09:22:49 fedora kernel: sd 5:0:0:0: [sdb] Preferred minimum I/O size 512 bytes
Jun 15 09:22:49 fedora kernel:  sdb: sdb1 sdb2 sdb3 sdb4 sdb5 sdb6
Jun 15 09:22:49 fedora kernel: sd 5:0:0:0: [sdb] Attached SCSI disk
Jun 15 09:22:49 fedora kernel: Freeing unused decrypted memory: 2028K
Jun 15 09:22:49 fedora kernel: Freeing unused kernel image (initmem) memory: 4776K
Jun 15 09:22:49 fedora kernel: Write protecting the kernel read-only data: 36864k
Jun 15 09:22:49 fedora kernel: Freeing unused kernel image (rodata/data gap) memory: 1504K
Jun 15 09:22:49 fedora kernel: hid-generic 0003:046D:C53F.0004: input,hidraw3: USB HID v1.11 Keyboard [Logitech USB Receiver] on usb-0000:2d:00.3-4.4/input0
Jun 15 09:22:49 fedora kernel: input: Logitech USB Receiver Mouse as /devices/pci0000:00/0000:00:08.1/0000:2d:00.3/usb3/3-4/3-4.4/3-4.4:1.1/0003:046D:C53F.0005/input/input9
Jun 15 09:22:49 fedora kernel: input: Logitech USB Receiver Consumer Control as /devices/pci0000:00/0000:00:08.1/0000:2d:00.3/usb3/3-4/3-4.4/3-4.4:1.1/0003:046D:C53F.0005/input/input10
Jun 15 09:22:49 fedora kernel: x86/mm: Checked W+X mappings: passed, no W+X pages found.
Jun 15 09:22:49 fedora kernel: Run /init as init process
Jun 15 09:22:49 fedora kernel:   with arguments:
Jun 15 09:22:49 fedora kernel:     /init
Jun 15 09:22:49 fedora kernel:     rhgb
Jun 15 09:22:49 fedora kernel:   with environment:
Jun 15 09:22:49 fedora kernel:     HOME=/
Jun 15 09:22:49 fedora kernel:     TERM=linux
Jun 15 09:22:49 fedora kernel:     BOOT_IMAGE=(hd2,gpt6)/root/boot/vmlinuz-6.8.11-300.fc40.x86_64
Jun 15 09:22:49 fedora systemd[1]: systemd 255.7-1.fc40 running in system mode (+PAM +AUDIT +SELINUX -APPARMOR +IMA +SMACK +SECCOMP -GCRYPT +GNUTLS +OPENSSL +ACL +BLKID +CURL +ELFUTILS +FIDO2 +IDN2 -IDN -IPTC +KMOD +LIBCRYPTSETUP +LIBFDISK +PCRE2 +PWQUALITY +P11KIT +QRENCODE +TPM2 +BZIP2 +LZ4 +XZ +ZLIB +ZSTD +BPF_FRAMEWORK +XKBCOMMON +UTMP +SYSVINIT default-hierarchy=unified)
Jun 15 09:22:49 fedora systemd[1]: Detected architecture x86-64.
Jun 15 09:22:49 fedora systemd[1]: Running in initrd.
Jun 15 09:22:49 fedora systemd[1]: No hostname configured, using default hostname.
Jun 15 09:22:49 fedora systemd[1]: Hostname set to <fedora>.
Jun 15 09:22:49 fedora kernel: input: Logitech USB Receiver System Control as /devices/pci0000:00/0000:00:08.1/0000:2d:00.3/usb3/3-4/3-4.4/3-4.4:1.1/0003:046D:C53F.0005/input/input11
Jun 15 09:22:49 fedora kernel: hid-generic 0003:046D:C53F.0005: input,hiddev97,hidraw4: USB HID v1.11 Mouse [Logitech USB Receiver] on usb-0000:2d:00.3-4.4/input1
Jun 15 09:22:49 fedora kernel: hid-generic 0003:046D:C53F.0006: hiddev98,hidraw5: USB HID v1.11 Device [Logitech USB Receiver] on usb-0000:2d:00.3-4.4/input2
Jun 15 09:22:49 fedora systemd[1]: Queued start job for default target initrd.target.
Jun 15 09:22:49 fedora systemd[1]: Expecting device dev-disk-by\x2duuid-c0a1d540\x2d8980\x2d457e\x2db68b\x2d41add265bbd3.device - /dev/disk/by-uuid/c0a1d540-8980-457e-b68b-41add265bbd3...
Jun 15 09:22:49 fedora systemd[1]: Reached target initrd-usr-fs.target - Initrd /usr File System.
Jun 15 09:22:49 fedora systemd[1]: Reached target slices.target - Slice Units.
Jun 15 09:22:49 fedora systemd[1]: Reached target swap.target - Swaps.
Jun 15 09:22:49 fedora systemd[1]: Reached target timers.target - Timer Units.
Jun 15 09:22:49 fedora systemd[1]: Listening on systemd-journald-dev-log.socket - Journal Socket (/dev/log).
Jun 15 09:22:49 fedora systemd[1]: Listening on systemd-journald.socket - Journal Socket.
Jun 15 09:22:49 fedora systemd[1]: Listening on systemd-udevd-control.socket - udev Control Socket.
Jun 15 09:22:49 fedora systemd[1]: Listening on systemd-udevd-kernel.socket - udev Kernel Socket.
Jun 15 09:22:49 fedora systemd[1]: Reached target sockets.target - Socket Units.
Jun 15 09:22:49 fedora systemd[1]: Starting kmod-static-nodes.service - Create List of Static Device Nodes...
Jun 15 09:22:49 fedora systemd[1]: memstrack.service - Memstrack Anylazing Service was skipped because no trigger condition checks were met.
Jun 15 09:22:49 fedora systemd[1]: Starting systemd-journald.service - Journal Service...
Jun 15 09:22:49 fedora systemd[1]: Starting systemd-modules-load.service - Load Kernel Modules...
Jun 15 09:22:49 fedora systemd[1]: Starting systemd-vconsole-setup.service - Virtual Console Setup...
Jun 15 09:22:49 fedora systemd[1]: Finished kmod-static-nodes.service - Create List of Static Device Nodes.
Jun 15 09:22:49 fedora systemd[1]: Starting systemd-tmpfiles-setup-dev-early.service - Create Static Device Nodes in /dev gracefully...
Jun 15 09:22:49 fedora systemd-journald[303]: Collecting audit messages is disabled.
Jun 15 09:22:49 fedora systemd[1]: Finished systemd-tmpfiles-setup-dev-early.service - Create Static Device Nodes in /dev gracefully.
Jun 15 09:22:49 fedora systemd[1]: Starting systemd-tmpfiles-setup-dev.service - Create Static Device Nodes in /dev...
Jun 15 09:22:49 fedora kernel: fuse: init (API version 7.39)
Jun 15 09:22:49 fedora systemd[1]: Finished systemd-modules-load.service - Load Kernel Modules.
Jun 15 09:22:49 fedora systemd[1]: Starting systemd-sysctl.service - Apply Kernel Variables...
Jun 15 09:22:49 fedora systemd[1]: Finished systemd-tmpfiles-setup-dev.service - Create Static Device Nodes in /dev.
Jun 15 09:22:49 fedora systemd[1]: Reached target local-fs-pre.target - Preparation for Local File Systems.
Jun 15 09:22:49 fedora systemd[1]: Reached target local-fs.target - Local File Systems.
Jun 15 09:22:49 fedora systemd[1]: Finished systemd-sysctl.service - Apply Kernel Variables.
Jun 15 09:22:49 fedora systemd[1]: Finished systemd-vconsole-setup.service - Virtual Console Setup.
Jun 15 09:22:49 fedora systemd[1]: Starting dracut-cmdline-ask.service - dracut ask for additional cmdline parameters...
Jun 15 09:22:49 fedora systemd-journald[303]: Journal started
Jun 15 09:22:49 fedora systemd-journald[303]: Runtime Journal (/run/log/journal/ef1b178201604b04a6c36aef9b240d1d) is 8.0M, max 640.1M, 632.1M free.
Jun 15 09:22:49 fedora systemd-vconsole-setup[305]: /usr/bin/setfont failed with a "system error" (EX_OSERR), ignoring.
Jun 15 09:22:49 fedora systemd-modules-load[304]: Inserted module 'fuse'
Jun 15 09:22:49 fedora systemd-modules-load[304]: Module 'msr' is built in
Jun 15 09:22:49 fedora systemd-modules-load[304]: Inserted module 'ip_tables'
Jun 15 09:22:49 fedora systemd-vconsole-setup[313]: setfont: ERROR kdfontop.c:183 put_font_kdfontop: Unable to load such font with such kernel version
Jun 15 09:22:49 fedora systemd[1]: Started systemd-journald.service - Journal Service.
Jun 15 09:22:49 fedora systemd-modules-load[304]: Inserted module 'ip6_tables'
Jun 15 09:22:49 fedora systemd-vconsole-setup[305]: Setting source virtual console failed, ignoring remaining ones.
Jun 15 09:22:49 fedora systemd[1]: Starting systemd-tmpfiles-setup.service - Create Volatile Files and Directories...
Jun 15 09:22:49 fedora systemd[1]: Finished dracut-cmdline-ask.service - dracut ask for additional cmdline parameters.
Jun 15 09:22:49 fedora systemd[1]: Starting dracut-cmdline.service - dracut cmdline hook...
Jun 15 09:22:49 fedora dracut-cmdline[344]: dracut-101-1.fc40
Jun 15 09:22:49 fedora systemd[1]: Finished systemd-tmpfiles-setup.service - Create Volatile Files and Directories.
Jun 15 09:22:49 fedora dracut-cmdline[344]: Using kernel command line parameters:  rd.driver.pre=btrfs   BOOT_IMAGE=(hd2,gpt6)/root/boot/vmlinuz-6.8.11-300.fc40.x86_64 root=UUID=c0a1d540-8980-457e-b68b-41add265bbd3 ro rootflags=subvol=root rhgb quiet
Jun 15 09:22:49 fedora systemd[1]: Finished dracut-cmdline.service - dracut cmdline hook.
Jun 15 09:22:49 fedora systemd[1]: Starting dracut-pre-udev.service - dracut pre-udev hook...
Jun 15 09:22:49 fedora systemd[1]: Finished dracut-pre-udev.service - dracut pre-udev hook.
Jun 15 09:22:49 fedora systemd[1]: Starting systemd-udevd.service - Rule-based Manager for Device Events and Files...
Jun 15 09:22:49 fedora systemd-udevd[419]: Using default interface naming scheme 'v255'.
Jun 15 09:22:49 fedora systemd[1]: Started systemd-udevd.service - Rule-based Manager for Device Events and Files.
Jun 15 09:22:49 fedora systemd[1]: dracut-pre-trigger.service - dracut pre-trigger hook was skipped because no trigger condition checks were met.
Jun 15 09:22:49 fedora systemd[1]: Starting systemd-udev-trigger.service - Coldplug All udev Devices...
Jun 15 09:22:49 fedora systemd[1]: Created slice system-modprobe.slice - Slice /system/modprobe.
Jun 15 09:22:49 fedora systemd[1]: Starting modprobe@configfs.service - Load Kernel Module configfs...
Jun 15 09:22:49 fedora systemd[1]: modprobe@configfs.service: Deactivated successfully.
Jun 15 09:22:49 fedora systemd[1]: Finished modprobe@configfs.service - Load Kernel Module configfs.
Jun 15 09:22:49 fedora systemd[1]: Finished systemd-udev-trigger.service - Coldplug All udev Devices.
Jun 15 09:22:49 fedora systemd[1]: Mounting sys-kernel-config.mount - Kernel Configuration File System...
Jun 15 09:22:49 fedora systemd[1]: dracut-initqueue.service - dracut initqueue hook was skipped because no trigger condition checks were met.
Jun 15 09:22:49 fedora systemd[1]: Reached target remote-fs-pre.target - Preparation for Remote File Systems.
Jun 15 09:22:49 fedora systemd[1]: Reached target remote-fs.target - Remote File Systems.
Jun 15 09:22:49 fedora systemd[1]: dracut-pre-mount.service - dracut pre-mount hook was skipped because no trigger condition checks were met.
Jun 15 09:22:49 fedora systemd[1]: Starting plymouth-start.service - Show Plymouth Boot Screen...
Jun 15 09:22:49 fedora systemd[1]: Mounted sys-kernel-config.mount - Kernel Configuration File System.
Jun 15 09:22:49 fedora systemd[1]: Received SIGRTMIN+20 from PID 457 (plymouthd).
Jun 15 09:22:49 fedora systemd[1]: Started plymouth-start.service - Show Plymouth Boot Screen.
Jun 15 09:22:49 fedora systemd[1]: systemd-ask-password-console.path - Dispatch Password Requests to Console Directory Watch was skipped because of an unmet condition check (ConditionPathExists=!/run/plymouth/pid).
Jun 15 09:22:49 fedora systemd[1]: Started systemd-ask-password-plymouth.path - Forward Password Requests to Plymouth Directory Watch.
Jun 15 09:22:49 fedora systemd[1]: Reached target paths.target - Path Units.
Jun 15 09:22:49 fedora systemd[1]: Reached target sysinit.target - System Initialization.
Jun 15 09:22:49 fedora systemd[1]: Reached target basic.target - Basic System.
Jun 15 09:22:49 fedora kernel: sp5100_tco: SP5100/SB800 TCO WatchDog Timer Driver
Jun 15 09:22:49 fedora kernel: sp5100-tco sp5100-tco: Using 0xfeb00000 for watchdog MMIO address
Jun 15 09:22:49 fedora kernel: sp5100-tco sp5100-tco: initialized. heartbeat=60 sec (nowayout=0)
Jun 15 09:22:49 fedora kernel: ccp 0000:2d:00.1: enabling device (0000 -> 0002)
Jun 15 09:22:49 fedora kernel: ccp 0000:2d:00.1: ccp: unable to access the device: you might be running a broken BIOS.
Jun 15 09:22:49 fedora kernel: ccp 0000:2d:00.1: psp enabled
Jun 15 09:22:49 fedora systemd[1]: Found device dev-disk-by\x2duuid-c0a1d540\x2d8980\x2d457e\x2db68b\x2d41add265bbd3.device - CT240BX500SSD1 fedora.
Jun 15 09:22:49 fedora systemd[1]: Reached target initrd-root-device.target - Initrd Root Device.
Jun 15 09:22:49 fedora kernel: nvme nvme0: pci function 0000:01:00.0
Jun 15 09:22:49 fedora systemd[1]: Starting systemd-fsck-root.service - File System Check on /dev/disk/by-uuid/c0a1d540-8980-457e-b68b-41add265bbd3...
Jun 15 09:22:49 fedora kernel: nvme nvme0: missing or invalid SUBNQN field.
Jun 15 09:22:49 fedora systemd[1]: systemd-vconsole-setup.service: Deactivated successfully.
Jun 15 09:22:49 fedora systemd[1]: Stopped systemd-vconsole-setup.service - Virtual Console Setup.
Jun 15 09:22:49 fedora systemd[1]: Stopping systemd-vconsole-setup.service - Virtual Console Setup...
Jun 15 09:22:49 fedora systemd[1]: Starting systemd-vconsole-setup.service - Virtual Console Setup...
Jun 15 09:22:49 fedora kernel: nvme nvme0: 15/0/0 default/read/poll queues
Jun 15 09:22:49 fedora kernel: logitech-djreceiver 0003:046D:C53F.0004: hidraw3: USB HID v1.11 Keyboard [Logitech USB Receiver] on usb-0000:2d:00.3-4.4/input0
Jun 15 09:22:49 fedora kernel:  nvme0n1: p1
Jun 15 09:22:49 fedora systemd[1]: Finished systemd-fsck-root.service - File System Check on /dev/disk/by-uuid/c0a1d540-8980-457e-b68b-41add265bbd3.
Jun 15 09:22:49 fedora systemd[1]: Mounting sysroot.mount - /sysroot...
Jun 15 09:22:49 fedora systemd-vconsole-setup[499]: setfont: ERROR kdfontop.c:183 put_font_kdfontop: Unable to load such font with such kernel version
Jun 15 09:22:49 fedora systemd-vconsole-setup[495]: /usr/bin/setfont failed with a "system error" (EX_OSERR), ignoring.
Jun 15 09:22:49 fedora kernel: BTRFS: device label fedora devid 1 transid 8425 /dev/sdb6 scanned by mount (502)
Jun 15 09:22:49 fedora kernel: BTRFS info (device sdb6): first mount of filesystem c0a1d540-8980-457e-b68b-41add265bbd3
Jun 15 09:22:49 fedora kernel: BTRFS info (device sdb6): using crc32c (crc32c-intel) checksum algorithm
Jun 15 09:22:49 fedora kernel: BTRFS info (device sdb6): using free-space-tree
Jun 15 09:22:49 fedora kernel: BTRFS info (device sdb6): start tree-log replay
